#
# There is insufficient memory for the Java Runtime Environment to continue.
# Native memory allocation (mmap) failed to map 65536 bytes. Error detail: Failed to commit metaspace.
# Possible reasons:
#   The system is out of physical RAM or swap space
#   This process is running with CompressedOops enabled, and the Java Heap may be blocking the growth of the native heap
# Possible solutions:
#   Reduce memory load on the system
#   Increase physical memory or swap space
#   Check if swap backing store is full
#   Decrease Java heap size (-Xmx/-Xms)
#   Decrease number of Java threads
#   Decrease Java thread stack sizes (-Xss)
#   Set larger code cache with -XX:ReservedCodeCacheSize=
#   JVM is running with Zero Based Compressed Oops mode in which the Java heap is
#     placed in the first 32GB address space. The Java Heap base address is the
#     maximum limit for the native heap growth. Please use -XX:HeapBaseMinAddress
#     to set the Java Heap base and to place the Java Heap above 32GB virtual address.
# This output file may be truncated or incomplete.
#
#  Out of Memory Error (virtualSpaceNode.cpp:110), pid=66808, tid=67336
#
# JRE version: OpenJDK Runtime Environment OpenLogic-OpenJDK (17.0.12+7) (build 17.0.12+7-adhoc..jdk17u)
# Java VM: OpenJDK 64-Bit Server VM OpenLogic-OpenJDK (17.0.12+7-adhoc..jdk17u, mixed mode, sharing, tiered, compressed oops, compressed class ptrs, g1 gc, windows-amd64)
# No core dump will be written. Minidumps are not enabled by default on client versions of Windows
#

---------------  S U M M A R Y ------------

Command Line: org.jetbrains.kotlin.cli.jvm.K2JVMCompiler @C:\react-native\my-browser\android\app\build\20260518_5977950065410336137.compiler.options

Host: AMD Ryzen 7 5800H with Radeon Graphics         , 16 cores, 31G,  Windows 11 , 64 bit Build 22621 (10.0.22621.5415)
Time: Mon May 18 10:22:12 2026 SE Asia Standard Time elapsed time: 0.738786 seconds (0d 0h 0m 0s)

---------------  T H R E A D  ---------------

Current thread (0x0000023d69640880):  JavaThread "main" [_thread_in_vm, id=67336, stack(0x00000081cb700000,0x00000081cb800000)]

Stack: [0x00000081cb700000,0x00000081cb800000]
Native frames: (J=compiled Java code, j=interpreted, Vv=VM code, C=native code)
V  [jvm.dll+0x67f4f9]
V  [jvm.dll+0x836eaa]
V  [jvm.dll+0x83896e]
V  [jvm.dll+0x838fd3]
V  [jvm.dll+0x247f6f]
V  [jvm.dll+0x832b5d]
V  [jvm.dll+0x623a6e]
V  [jvm.dll+0x1c1d2b]
V  [jvm.dll+0x6263bd]
V  [jvm.dll+0x624416]
V  [jvm.dll+0x62e347]
V  [jvm.dll+0x1ebd5b]
V  [jvm.dll+0x1ec295]
V  [jvm.dll+0x1ecd52]
V  [jvm.dll+0x1e2141]
V  [jvm.dll+0x54429e]
V  [jvm.dll+0x7b0e68]
V  [jvm.dll+0x7b0f54]
V  [jvm.dll+0x4113c5]
V  [jvm.dll+0x417549]
C  [java.dll+0x17ec]

Java frames: (J=compiled Java code, j=interpreted, Vv=VM code)
J 602  java.lang.ClassLoader.defineClass1(Ljava/lang/ClassLoader;Ljava/lang/String;[BIILjava/security/ProtectionDomain;Ljava/lang/String;)Ljava/lang/Class; java.base@17.0.12 (0 bytes) @ 0x0000023d07bc7ee3 [0x0000023d07bc7e20+0x00000000000000c3]
J 680 c1 java.lang.ClassLoader.defineClass(Ljava/lang/String;[BIILjava/security/ProtectionDomain;)Ljava/lang/Class; java.base@17.0.12 (43 bytes) @ 0x0000023d00126bdc [0x0000023d00126880+0x000000000000035c]
J 710 c1 java.security.SecureClassLoader.defineClass(Ljava/lang/String;[BIILjava/security/CodeSource;)Ljava/lang/Class; java.base@17.0.12 (16 bytes) @ 0x0000023d00138f0c [0x0000023d00138e40+0x00000000000000cc]
J 649 c1 jdk.internal.loader.BuiltinClassLoader.defineClass(Ljava/lang/String;Ljdk/internal/loader/Resource;)Ljava/lang/Class; java.base@17.0.12 (121 bytes) @ 0x0000023d00119af4 [0x0000023d001188c0+0x0000000000001234]
J 569 c1 jdk.internal.loader.BuiltinClassLoader.findClassOnClassPathOrNull(Ljava/lang/String;)Ljava/lang/Class; java.base@17.0.12 (64 bytes) @ 0x0000023d000e3f3c [0x0000023d000e2e80+0x00000000000010bc]
J 260 c1 jdk.internal.loader.BuiltinClassLoader.loadClassOrNull(Ljava/lang/String;Z)Ljava/lang/Class; java.base@17.0.12 (143 bytes) @ 0x0000023d00055c54 [0x0000023d00054d40+0x0000000000000f14]
J 378 c1 jdk.internal.loader.ClassLoaders$AppClassLoader.loadClass(Ljava/lang/String;Z)Ljava/lang/Class; java.base@17.0.12 (40 bytes) @ 0x0000023d00084a0c [0x0000023d000843e0+0x000000000000062c]
J 377 c1 java.lang.ClassLoader.loadClass(Ljava/lang/String;)Ljava/lang/Class; java.base@17.0.12 (7 bytes) @ 0x0000023d0008404c [0x0000023d00083f40+0x000000000000010c]
v  ~StubRoutines::call_stub
j  org.jetbrains.kotlin.com.intellij.psi.impl.source.CharTableImpl$StringHashToCharSequencesMap.add(Ljava/lang/CharSequence;)V+16
j  org.jetbrains.kotlin.com.intellij.psi.impl.source.CharTableImpl$StringHashToCharSequencesMap.access$400(Lorg/jetbrains/kotlin/com/intellij/psi/impl/source/CharTableImpl$StringHashToCharSequencesMap;Ljava/lang/CharSequence;)V+2
j  org.jetbrains.kotlin.com.intellij.psi.impl.source.CharTableImpl.newStaticSet()Lorg/jetbrains/kotlin/com/intellij/psi/impl/source/CharTableImpl$StringHashToCharSequencesMap;+16
j  org.jetbrains.kotlin.com.intellij.psi.impl.source.CharTableImpl.<clinit>()V+0
v  ~StubRoutines::call_stub
j  org.jetbrains.kotlin.com.intellij.lang.ASTFactory.<clinit>()V+0
v  ~StubRoutines::call_stub
j  org.jetbrains.kotlin.com.intellij.core.CoreApplicationEnvironment.<init>(Lorg/jetbrains/kotlin/com/intellij/openapi/Disposable;Z)V+242
j  org.jetbrains.kotlin.com.intellij.core.JavaCoreApplicationEnvironment.<init>(Lorg/jetbrains/kotlin/com/intellij/openapi/Disposable;Z)V+11
j  org.jetbrains.kotlin.cli.jvm.compiler.KotlinCoreApplicationEnvironment.<init>(Lorg/jetbrains/kotlin/com/intellij/openapi/Disposable;Lorg/jetbrains/kotlin/cli/jvm/compiler/KotlinCoreApplicationEnvironmentMode;)V+9
j  org.jetbrains.kotlin.cli.jvm.compiler.KotlinCoreApplicationEnvironment.<init>(Lorg/jetbrains/kotlin/com/intellij/openapi/Disposable;Lorg/jetbrains/kotlin/cli/jvm/compiler/KotlinCoreApplicationEnvironmentMode;Lkotlin/jvm/internal/DefaultConstructorMarker;)V+3
j  org.jetbrains.kotlin.cli.jvm.compiler.KotlinCoreApplicationEnvironment$Companion.create(Lorg/jetbrains/kotlin/com/intellij/openapi/Disposable;Lorg/jetbrains/kotlin/cli/jvm/compiler/KotlinCoreApplicationEnvironmentMode;)Lorg/jetbrains/kotlin/cli/jvm/compiler/KotlinCoreApplicationEnvironment;+19
j  org.jetbrains.kotlin.cli.jvm.compiler.KotlinCoreEnvironment$Companion.createApplicationEnvironment(Lorg/jetbrains/kotlin/com/intellij/openapi/Disposable;Lorg/jetbrains/kotlin/config/CompilerConfiguration;Lorg/jetbrains/kotlin/cli/jvm/compiler/KotlinCoreApplicationEnvironmentMode;)Lorg/jetbrains/kotlin/cli/jvm/compiler/KotlinCoreApplicationEnvironment;+5
j  org.jetbrains.kotlin.cli.jvm.compiler.KotlinCoreEnvironment$Companion.getOrCreateApplicationEnvironment(Lorg/jetbrains/kotlin/com/intellij/openapi/Disposable;Lorg/jetbrains/kotlin/config/CompilerConfiguration;Lorg/jetbrains/kotlin/cli/jvm/compiler/KotlinCoreApplicationEnvironmentMode;)Lorg/jetbrains/kotlin/cli/jvm/compiler/KotlinCoreApplicationEnvironment;+66
j  org.jetbrains.kotlin.cli.jvm.compiler.KotlinCoreEnvironment$Companion.getOrCreateApplicationEnvironmentForProduction(Lorg/jetbrains/kotlin/com/intellij/openapi/Disposable;Lorg/jetbrains/kotlin/config/CompilerConfiguration;)Lorg/jetbrains/kotlin/cli/jvm/compiler/KotlinCoreApplicationEnvironment;+23
j  org.jetbrains.kotlin.cli.jvm.compiler.legacy.pipeline.JvmCompilerPipelineKt.createProjectEnvironment(Lorg/jetbrains/kotlin/config/CompilerConfiguration;Lorg/jetbrains/kotlin/com/intellij/openapi/Disposable;Lorg/jetbrains/kotlin/cli/jvm/compiler/EnvironmentConfigFiles;Lorg/jetbrains/kotlin/cli/common/messages/MessageCollector;)Lorg/jetbrains/kotlin/cli/jvm/compiler/VfsBasedProjectEnvironment;+35
j  org.jetbrains.kotlin.cli.pipeline.jvm.JvmFrontendPipelinePhase.createEnvironmentAndSources(Lorg/jetbrains/kotlin/config/CompilerConfiguration;Lorg/jetbrains/kotlin/com/intellij/openapi/Disposable;Ljava/lang/String;)Lorg/jetbrains/kotlin/cli/pipeline/jvm/JvmFrontendPipelinePhase$EnvironmentAndSources;+25
j  org.jetbrains.kotlin.cli.pipeline.jvm.JvmFrontendPipelinePhase.executePhase(Lorg/jetbrains/kotlin/cli/pipeline/ConfigurationPipelineArtifact;)Lorg/jetbrains/kotlin/cli/pipeline/jvm/JvmFrontendPipelineArtifact;+63
j  org.jetbrains.kotlin.cli.pipeline.jvm.JvmFrontendPipelinePhase.executePhase(Lorg/jetbrains/kotlin/cli/pipeline/PipelineArtifact;)Lorg/jetbrains/kotlin/cli/pipeline/PipelineArtifact;+5
j  org.jetbrains.kotlin.cli.pipeline.PipelinePhase.phaseBody(Lorg/jetbrains/kotlin/cli/pipeline/PipelineContext;Lorg/jetbrains/kotlin/cli/pipeline/PipelineArtifact;)Lorg/jetbrains/kotlin/cli/pipeline/PipelineArtifact;+14
j  org.jetbrains.kotlin.cli.pipeline.PipelinePhase.phaseBody(Lorg/jetbrains/kotlin/config/LoggingContext;Ljava/lang/Object;)Ljava/lang/Object;+9
j  org.jetbrains.kotlin.config.phaser.SimpleNamedCompilerPhase.phaseBody(Lorg/jetbrains/kotlin/config/phaser/PhaseConfig;Lorg/jetbrains/kotlin/config/phaser/PhaserState;Lorg/jetbrains/kotlin/config/LoggingContext;Ljava/lang/Object;)Ljava/lang/Object;+22
j  org.jetbrains.kotlin.config.phaser.NamedCompilerPhase.invoke(Lorg/jetbrains/kotlin/config/phaser/PhaseConfig;Lorg/jetbrains/kotlin/config/phaser/PhaserState;Lorg/jetbrains/kotlin/config/LoggingContext;Ljava/lang/Object;)Ljava/lang/Object;+306
j  org.jetbrains.kotlin.backend.common.phaser.CompositePhase.invoke(Lorg/jetbrains/kotlin/config/phaser/PhaseConfig;Lorg/jetbrains/kotlin/config/phaser/PhaserState;Lorg/jetbrains/kotlin/config/LoggingContext;Ljava/lang/Object;)Ljava/lang/Object;+161
j  org.jetbrains.kotlin.config.phaser.CompilerPhaseKt.invokeToplevel(Lorg/jetbrains/kotlin/config/phaser/CompilerPhase;Lorg/jetbrains/kotlin/config/phaser/PhaseConfig;Lorg/jetbrains/kotlin/config/LoggingContext;Ljava/lang/Object;)Ljava/lang/Object;+36
j  org.jetbrains.kotlin.cli.pipeline.AbstractCliPipeline.runPhasedPipeline(Lorg/jetbrains/kotlin/cli/pipeline/ArgumentsPipelineArtifact;)Lorg/jetbrains/kotlin/cli/common/ExitCode;+80
j  org.jetbrains.kotlin.cli.pipeline.AbstractCliPipeline.execute(Lorg/jetbrains/kotlin/cli/common/arguments/CommonCompilerArguments;Lorg/jetbrains/kotlin/config/Services;Lorg/jetbrains/kotlin/cli/common/messages/MessageCollector;)Lorg/jetbrains/kotlin/cli/common/ExitCode;+150
j  org.jetbrains.kotlin.cli.jvm.K2JVMCompiler.doExecutePhased(Lorg/jetbrains/kotlin/cli/common/arguments/K2JVMCompilerArguments;Lorg/jetbrains/kotlin/config/Services;Lorg/jetbrains/kotlin/cli/common/messages/MessageCollector;)Lorg/jetbrains/kotlin/cli/common/ExitCode;+35
j  org.jetbrains.kotlin.cli.jvm.K2JVMCompiler.doExecutePhased(Lorg/jetbrains/kotlin/cli/common/arguments/CommonCompilerArguments;Lorg/jetbrains/kotlin/config/Services;Lorg/jetbrains/kotlin/cli/common/messages/MessageCollector;)Lorg/jetbrains/kotlin/cli/common/ExitCode;+7
j  org.jetbrains.kotlin.cli.common.CLICompiler.execImpl(Lorg/jetbrains/kotlin/cli/common/messages/MessageCollector;Lorg/jetbrains/kotlin/config/Services;Lorg/jetbrains/kotlin/cli/common/arguments/CommonCompilerArguments;)Lorg/jetbrains/kotlin/cli/common/ExitCode;+13
j  org.jetbrains.kotlin.cli.common.CLICompiler.exec(Lorg/jetbrains/kotlin/cli/common/messages/MessageCollector;Lorg/jetbrains/kotlin/config/Services;Lorg/jetbrains/kotlin/cli/common/arguments/CommonCompilerArguments;)Lorg/jetbrains/kotlin/cli/common/ExitCode;+88
j  org.jetbrains.kotlin.cli.common.CLICompiler.exec(Ljava/io/PrintStream;Lorg/jetbrains/kotlin/config/Services;Lorg/jetbrains/kotlin/cli/common/messages/MessageRenderer;[Ljava/lang/String;)Lorg/jetbrains/kotlin/cli/common/ExitCode;+259
j  org.jetbrains.kotlin.cli.common.CLICompiler.exec(Ljava/io/PrintStream;Lorg/jetbrains/kotlin/cli/common/messages/MessageRenderer;[Ljava/lang/String;)Lorg/jetbrains/kotlin/cli/common/ExitCode;+26
j  org.jetbrains.kotlin.cli.common.CLICompiler$Companion.doMainNoExit(Lorg/jetbrains/kotlin/cli/common/CLICompiler;[Ljava/lang/String;Lorg/jetbrains/kotlin/cli/common/messages/MessageRenderer;)Lorg/jetbrains/kotlin/cli/common/ExitCode;+39
j  org.jetbrains.kotlin.cli.common.CLICompiler$Companion.doMainNoExit$default(Lorg/jetbrains/kotlin/cli/common/CLICompiler$Companion;Lorg/jetbrains/kotlin/cli/common/CLICompiler;[Ljava/lang/String;Lorg/jetbrains/kotlin/cli/common/messages/MessageRenderer;ILjava/lang/Object;)Lorg/jetbrains/kotlin/cli/common/ExitCode;+16
j  org.jetbrains.kotlin.cli.common.CLICompiler$Companion.doMain(Lorg/jetbrains/kotlin/cli/common/CLICompiler;[Ljava/lang/String;)V+54
j  org.jetbrains.kotlin.cli.jvm.K2JVMCompiler$Companion.main([Ljava/lang/String;)V+20
j  org.jetbrains.kotlin.cli.jvm.K2JVMCompiler.main([Ljava/lang/String;)V+4
v  ~StubRoutines::call_stub

Compiled method (n/a)     763  602     n 0       java.lang.ClassLoader::defineClass1 (native)
 total in heap  [0x0000023d07bc7c90,0x0000023d07bc8170] = 1248
 relocation     [0x0000023d07bc7de8,0x0000023d07bc7e20] = 56
 main code      [0x0000023d07bc7e20,0x0000023d07bc8170] = 848

[Constant Pool (empty)]

[MachCode]
[Entry Point]
  # {method} {0x0000023d18010f28} 'defineClass1' '(Ljava/lang/ClassLoader;Ljava/lang/String;[BIILjava/security/ProtectionDomain;Ljava/lang/String;)Ljava/lang/Class;' in 'java/lang/ClassLoader'
  # parm0:    rdx:rdx   = 'java/lang/ClassLoader'
  # parm1:    r8:r8     = 'java/lang/String'
  # parm2:    r9:r9     = '[B'
  # parm3:    rdi       = int
  # parm4:    rsi       = int
  # parm5:    rcx:rcx   = 'java/security/ProtectionDomain'
  # parm6:    [sp+0xa0]   = 'java/lang/String'  (sp of caller)
  0x0000023d07bc7e20: 448b 5208 | 49bb 0000 | 0018 3d02 | 0000 4d03 | d349 3bc2 | 0f84 0600 

  0x0000023d07bc7e38: ;   {runtime_call ic_miss_stub}
  0x0000023d07bc7e38: 0000 e941 | 928d ff90 
[Verified Entry Point]
  0x0000023d07bc7e40: 8984 2400 | 90ff ff55 | 488b ec48 | 81ec 9000 | 0000 4881 | 7d10 0000 | 0000 488d | 4510 480f 
  0x0000023d07bc7e60: 4445 1048 | 8944 2440 | 4889 4c24 | 7048 83f9 | 0048 8d44 | 2470 480f | 4444 2470 | 4889 4424 
  0x0000023d07bc7e80: 3848 8974 | 2430 4889 | 7c24 284c | 894c 2458 | 4983 f900 | 488d 4424 | 5848 0f44 | 4424 5848 
  0x0000023d07bc7ea0: 8944 2420 | 4c89 4424 | 5049 83f8 | 004c 8d4c | 2450 4c0f | 444c 2450 | 4889 5424 | 4848 83fa 
  0x0000023d07bc7ec0: 004c 8d44 | 2448 4c0f | 4444 2448 

  0x0000023d07bc7ecc: ;   {oop(a 'java/lang/Class'{0x000000062840e560} = 'java/lang/ClassLoader')}
  0x0000023d07bc7ecc: 49be 60e5 | 4028 0600 | 0000 4c89 | 7424 784c | 8d74 2478 | 498b d6c5 

  0x0000023d07bc7ee4: ;   {internal_word}
  0x0000023d07bc7ee4: f877 49ba | e37e bc07 | 3d02 0000 | 4d89 97a0 | 0200 0049 | 89a7 9802 

  0x0000023d07bc7efc: ;   {external_word}
  0x0000023d07bc7efc: 0000 49ba | 39b6 a54c | fe7f 0000 | 4180 3a00 | 0f84 5200 | 0000 5241 

  0x0000023d07bc7f14: ;   {metadata({method} {0x0000023d18010f28} 'defineClass1' '(Ljava/lang/ClassLoader;Ljava/lang/String;[BIILjava/security/ProtectionDomain;Ljava/lang/String;)Ljava/lang/Class;' in 'java/lang/ClassLoader')}
  0x0000023d07bc7f14: 5041 5148 | ba20 0f01 | 183d 0200 | 0049 8bcf | 4883 ec20 | f7c4 0f00 | 0000 0f84 | 1a00 0000 
  0x0000023d07bc7f34: 4883 ec08 

  0x0000023d07bc7f38: ;   {runtime_call}
  0x0000023d07bc7f38: 49ba c049 | 5b4c fe7f | 0000 41ff | d248 83c4 | 08e9 0d00 

  0x0000023d07bc7f4c: ;   {runtime_call}
  0x0000023d07bc7f4c: 0000 49ba | c049 5b4c | fe7f 0000 | 41ff d248 | 83c4 2041 | 5941 585a | 498d 8fb8 | 0200 0041 
  0x0000023d07bc7f6c: c787 4803 | 0000 0400 

  0x0000023d07bc7f74: ;   {runtime_call}
  0x0000023d07bc7f74: 0000 49ba | ac16 3e17 | ff7f 0000 | 41ff d2c5 | f877 41c7 | 8748 0300 | 0005 0000 | 00f0 8344 
  0x0000023d07bc7f94: 24c0 0049 | 3baf 5003 | 0000 0f87 | 1100 0000 | 4181 bf38 | 0300 0000 | 0000 000f | 842c 0000 
  0x0000023d07bc7fb4: 00c5 f877 | 4889 45f8 | 498b cf4c | 8be4 4883 | ec20 4883 

  0x0000023d07bc7fc8: ;   {runtime_call}
  0x0000023d07bc7fc8: e4f0 49ba | 6067 6b4c | fe7f 0000 | 41ff d249 | 8be4 4d33 | e448 8b45 | f841 c787 | 4803 0000 
  0x0000023d07bc7fe8: 0800 0000 | 4181 bfb8 | 0300 0002 | 0000 000f | 843f 0100 

  0x0000023d07bc7ffc: ;   {external_word}
  0x0000023d07bc7ffc: 0049 ba39 | b6a5 4cfe | 7f00 0041 | 803a 000f | 8450 0000 | 0048 8945 

  0x0000023d07bc8014: ;   {metadata({method} {0x0000023d18010f28} 'defineClass1' '(Ljava/lang/ClassLoader;Ljava/lang/String;[BIILjava/security/ProtectionDomain;Ljava/lang/String;)Ljava/lang/Class;' in 'java/lang/ClassLoader')}
  0x0000023d07bc8014: f848 ba20 | 0f01 183d | 0200 0049 | 8bcf 4883 | ec20 f7c4 | 0f00 0000 | 0f84 1a00 | 0000 4883 
  0x0000023d07bc8034: ;   {runtime_call}
  0x0000023d07bc8034: ec08 49ba | c049 5b4c | fe7f 0000 | 41ff d248 | 83c4 08e9 | 0d00 0000 

  0x0000023d07bc804c: ;   {runtime_call}
  0x0000023d07bc804c: 49ba c049 | 5b4c fe7f | 0000 41ff | d248 83c4 | 2048 8b45 | f849 c787 | 9802 0000 | 0000 0000 
  0x0000023d07bc806c: 49c7 87a0 | 0200 0000 | 0000 00c5 | f877 4885 | c00f 8493 | 0000 0048 | f7c0 0100 | 0000 0f84 
  0x0000023d07bc808c: 8300 0000 | 488b 40ff | 4180 7f38 | 000f 846f | 0000 0048 | 83f8 000f | 8465 0000 | 0049 8b4f 
  0x0000023d07bc80ac: 2048 83f9 | 000f 8414 | 0000 0048 | 83e9 0849 | 894f 2049 | 034f 3048 | 8901 e943 | 0000 0050 
  0x0000023d07bc80cc: 498b d748 | 8bc8 4883 | ec20 f7c4 | 0f00 0000 | 0f84 1a00 | 0000 4883 

  0x0000023d07bc80e4: ;   {runtime_call}
  0x0000023d07bc80e4: ec08 49ba | 7051 1a4c | fe7f 0000 | 41ff d248 | 83c4 08e9 | 0d00 0000 

  0x0000023d07bc80fc: ;   {runtime_call}
  0x0000023d07bc80fc: 49ba 7051 | 1a4c fe7f | 0000 41ff | d248 83c4 | 2058 e903 | 0000 0048 | 8b00 498b | 8fd8 0000 
  0x0000023d07bc811c: 00c7 8100 | 0100 0000 | 0000 00c9 | 4981 7f08 | 0000 0000 | 0f85 0100 

  0x0000023d07bc8134: ;   {runtime_call StubRoutines (1)}
  0x0000023d07bc8134: 0000 c3e9 | c48d 88ff | c5f8 7748 | 8945 f84c | 8be4 4883 | ec20 4883 

  0x0000023d07bc814c: ;   {runtime_call}
  0x0000023d07bc814c: e4f0 49ba | 407a 5b4c | fe7f 0000 | 41ff d249 | 8be4 4d33 | e448 8b45 | f8e9 93fe | ffff f4f4 
  0x0000023d07bc816c: f4f4 f4f4 
[/MachCode]


Compiled method (c1)     776  680       3       java.lang.ClassLoader::defineClass (43 bytes)
 total in heap  [0x0000023d00126690,0x0000023d00126fc8] = 2360
 relocation     [0x0000023d001267e8,0x0000023d00126878] = 144
 main code      [0x0000023d00126880,0x0000023d00126d20] = 1184
 stub code      [0x0000023d00126d20,0x0000023d00126d98] = 120
 metadata       [0x0000023d00126d98,0x0000023d00126dc8] = 48
 scopes data    [0x0000023d00126dc8,0x0000023d00126eb8] = 240
 scopes pcs     [0x0000023d00126eb8,0x0000023d00126f98] = 224
 dependencies   [0x0000023d00126f98,0x0000023d00126fa0] = 8
 nul chk table  [0x0000023d00126fa0,0x0000023d00126fc8] = 40

[Constant Pool (empty)]

[MachCode]
[Entry Point]
  # {method} {0x0000023d18010cc0} 'defineClass' '(Ljava/lang/String;[BIILjava/security/ProtectionDomain;)Ljava/lang/Class;' in 'java/lang/ClassLoader'
  # this:     rdx:rdx   = 'java/lang/ClassLoader'
  # parm0:    r8:r8     = 'java/lang/String'
  # parm1:    r9:r9     = '[B'
  # parm2:    rdi       = int
  # parm3:    rsi       = int
  # parm4:    rcx:rcx   = 'java/security/ProtectionDomain'
  #           [sp+0xc0]  (sp of caller)
  0x0000023d00126880: 448b 5208 | 49bb 0000 | 0018 3d02 | 0000 4d03 | d34c 3bd0 

  0x0000023d00126894: ;   {runtime_call ic_miss_stub}
  0x0000023d00126894: 0f85 e6a7 | 3707 660f | 1f44 0000 
[Verified Entry Point]
  0x0000023d001268a0: 8984 2400 | 90ff ff55 | 4881 ecb0 | 0000 0048 | 8954 2478 

  0x0000023d001268b4: ;   {metadata(method data for {method} {0x0000023d18010cc0} 'defineClass' '(Ljava/lang/String;[BIILjava/security/ProtectionDomain;)Ljava/lang/Class;' in 'java/lang/ClassLoader')}
  0x0000023d001268b4: 48bb c0aa | 1159 3d02 | 0000 8b83 | cc00 0000 | 83c0 0289 | 83cc 0000 | 0081 e0fe | 0700 0083 
  0x0000023d001268d4: f800 0f84 | 5603 0000 | 89b4 2494 | 0000 0089 | bc24 9000 | 0000 4c89 | 8c24 8800 | 0000 488b 
  0x0000023d001268f4: ;   {metadata(method data for {method} {0x0000023d18010cc0} 'defineClass' '(Ljava/lang/String;[BIILjava/security/ProtectionDomain;)Ljava/lang/Class;' in 'java/lang/ClassLoader')}
  0x0000023d001268f4: da48 b8c0 | aa11 593d | 0200 0048 | 8380 1001 | 0000 0149 | 8bd8 4c8b | c34c 8bc9 | 488b ca48 
  0x0000023d00126914: 8bd1 4889 | 9c24 8000 

  0x0000023d0012691c: ;   {optimized virtual_call}
  0x0000023d0012691c: 0000 90e8 

  0x0000023d00126920: ; ImmutableOopMap {[120]=Oop [136]=Oop [128]=Oop }
                      ;*invokevirtual preDefineClass {reexecute=0 rethrow=0 return_oop=0}
                      ; - java.lang.ClassLoader::defineClass@4 (line 1015)
  0x0000023d00126920: fc41 0000 | 4889 8424 | 9800 0000 | 488b 5424 

  0x0000023d00126930: ;   {metadata(method data for {method} {0x0000023d18010cc0} 'defineClass' '(Ljava/lang/String;[BIILjava/security/ProtectionDomain;)Ljava/lang/Class;' in 'java/lang/ClassLoader')}
  0x0000023d00126930: 7849 b8c0 | aa11 593d | 0200 0049 | 8380 4801 

  0x0000023d00126940: ;   {metadata(method data for {method} {0x0000023d18010ed0} 'defineClassSourceLocation' '(Ljava/security/ProtectionDomain;)Ljava/lang/String;' in 'java/lang/ClassLoader')}
  0x0000023d00126940: 0000 0149 | b808 b411 | 593d 0200 | 0041 8b90 | cc00 0000 | 83c2 0241 | 8990 cc00 | 0000 81e2 
  0x0000023d00126960: feff 1f00 | 83fa 000f | 84e6 0200 | 0048 3b00 

  0x0000023d00126970: ;   {metadata(method data for {method} {0x0000023d18010ed0} 'defineClassSourceLocation' '(Ljava/security/ProtectionDomain;)Ljava/lang/String;' in 'java/lang/ClassLoader')}
  0x0000023d00126970: 4c8b c048 | ba08 b411 | 593d 0200 | 0048 8382 | 1001 0000 | 0144 8b40 | 1049 c1e0 | 0349 83f8 
  0x0000023d00126990: ;   {metadata(method data for {method} {0x0000023d18010ed0} 'defineClassSourceLocation' '(Ljava/security/ProtectionDomain;)Ljava/lang/String;' in 'java/lang/ClassLoader')}
  0x0000023d00126990: 0048 ba08 | b411 593d | 0200 0048 | be58 0100 | 0000 0000 | 000f 850a | 0000 0048 | be48 0100 
  0x0000023d001269b0: 0000 0000 | 0048 8b3c | 3248 8d7f | 0148 893c | 320f 850f 

  0x0000023d001269c4: ;   {oop(NULL)}
  0x0000023d001269c4: 0000 0048 | bb00 0000 | 0000 0000 | 00e9 b101 | 0000 493b | 0049 8bd0 

  0x0000023d001269dc: ;   {metadata(method data for {method} {0x0000023d18010ed0} 'defineClassSourceLocation' '(Ljava/security/ProtectionDomain;)Ljava/lang/String;' in 'java/lang/ClassLoader')}
  0x0000023d001269dc: 48be 08b4 | 1159 3d02 | 0000 4883 | 8668 0100 | 0001 418b | 500c 48c1 | e203 4883 

  0x0000023d001269f8: ;   {metadata(method data for {method} {0x0000023d18010ed0} 'defineClassSourceLocation' '(Ljava/security/ProtectionDomain;)Ljava/lang/String;' in 'java/lang/ClassLoader')}
  0x0000023d001269f8: fa00 48be | 08b4 1159 | 3d02 0000 | 48bf b001 | 0000 0000 | 0000 0f85 | 0a00 0000 | 48bf a001 
  0x0000023d00126a18: 0000 0000 | 0000 488b | 1c3e 488d | 5b01 4889 | 1c3e 0f85 | 0f00 0000 

  0x0000023d00126a30: ;   {oop(NULL)}
  0x0000023d00126a30: 48bb 0000 | 0000 0000 | 0000 e948 

  0x0000023d00126a3c: ;   {metadata(method data for {method} {0x0000023d18010ed0} 'defineClassSourceLocation' '(Ljava/security/ProtectionDomain;)Ljava/lang/String;' in 'java/lang/ClassLoader')}
  0x0000023d00126a3c: 0100 0048 | be08 b411 | 593d 0200 | 0048 8386 | c001 0000 | 0148 3b02 

  0x0000023d00126a54: ;   {metadata(method data for {method} {0x0000023d18010ed0} 'defineClassSourceLocation' '(Ljava/security/ProtectionDomain;)Ljava/lang/String;' in 'java/lang/ClassLoader')}
  0x0000023d00126a54: 4c8b c248 | be08 b411 | 593d 0200 | 0048 8386 | f801 0000 

  0x0000023d00126a68: ;   {metadata(method data for {method} {0x0000023d18069960} 'toString' '()Ljava/lang/String;' in 'java/net/URL')}
  0x0000023d00126a68: 0149 b888 | 0310 593d | 0200 0041 | 8bb0 cc00 | 0000 83c6 | 0241 89b0 | cc00 0000 | 81e6 feff 
  0x0000023d00126a88: 1f00 83fe | 000f 84f0 | 0100 004c 

  0x0000023d00126a94: ;   {metadata(method data for {method} {0x0000023d18069960} 'toString' '()Ljava/lang/String;' in 'java/net/URL')}
  0x0000023d00126a94: 8bc2 48be | 8803 1059 | 3d02 0000 | 4883 8610 | 0100 0001 

  0x0000023d00126aa8: ;   {metadata(method data for {method} {0x0000023d1806a1f8} 'toExternalForm' '()Ljava/lang/String;' in 'java/net/URL')}
  0x0000023d00126aa8: 49b8 1005 | 1059 3d02 | 0000 418b | b0cc 0000 | 0083 c602 | 4189 b0cc | 0000 0081 | e6fe ff1f 
  0x0000023d00126ac8: 0083 fe00 | 0f84 d201 | 0000 8b72 | 3848 c1e6 | 0348 3b06 

  0x0000023d00126adc: ;   {metadata(method data for {method} {0x0000023d1806a1f8} 'toExternalForm' '()Ljava/lang/String;' in 'java/net/URL')}
  0x0000023d00126adc: 4c8b c648 | bf10 0510 | 593d 0200 | 0045 8b40 | 0849 ba00 | 0000 183d | 0200 004d | 03c2 4c3b 
  0x0000023d00126afc: 8720 0100 | 0075 0d48 | 8387 2801 | 0000 01e9 | 6600 0000 | 4c3b 8730 | 0100 0075 | 0d48 8387 
  0x0000023d00126b1c: 3801 0000 | 01e9 5000 | 0000 4881 | bf20 0100 | 0000 0000 | 0075 174c | 8987 2001 | 0000 48c7 
  0x0000023d00126b3c: 8728 0100 | 0001 0000 | 00e9 2c00 | 0000 4881 | bf30 0100 | 0000 0000 | 0075 174c | 8987 3001 
  0x0000023d00126b5c: 0000 48c7 | 8738 0100 | 0001 0000 | 00e9 0800 | 0000 4883 | 8710 0100 | 0001 4c8b | c248 8bd6 
  0x0000023d00126b7c: ;   {optimized virtual_call}
  0x0000023d00126b7c: 6666 90e8 

  0x0000023d00126b80: ; ImmutableOopMap {[120]=Oop [136]=Oop [128]=Oop [152]=Oop }
                      ;*invokevirtual toExternalForm {reexecute=0 rethrow=0 return_oop=0}
                      ; - java.net.URL::toExternalForm@5 (line 1039)
                      ; - java.net.URL::toString@1 (line 1025)
                      ; - java.lang.ClassLoader::defineClassSourceLocation@22 (line 917)
                      ; - java.lang.ClassLoader::defineClass@12 (line 1016)
  0x0000023d00126b80: bc46 0100 | 488b d848 | 8b84 2498 | 0000 008b | b424 9400 | 0000 8bbc | 2490 0000 | 004c 8b8c 
  0x0000023d00126ba0: 2488 0000 | 004c 8b84 | 2480 0000 | 0048 8b54 

  0x0000023d00126bb0: ;   {metadata(method data for {method} {0x0000023d18010cc0} 'defineClass' '(Ljava/lang/String;[BIILjava/security/ProtectionDomain;)Ljava/lang/Class;' in 'java/lang/ClassLoader')}
  0x0000023d00126bb0: 2478 48b9 | c0aa 1159 | 3d02 0000 | 4883 8180 | 0100 0001 | 4c8b da49 | 8bd3 488b | c848 891c 
  0x0000023d00126bd0: 2466 0f1f 

  0x0000023d00126bd4: ;   {static_call}
  0x0000023d00126bd4: 4400 00e8 

  0x0000023d00126bd8: ; ImmutableOopMap {[152]=Oop [120]=Oop }
                      ;*invokestatic defineClass1 {reexecute=0 rethrow=0 return_oop=0}
                      ; - java.lang.ClassLoader::defineClass@27 (line 1017)
  0x0000023d00126bd8: 6412 aa07 | 488b 5424 

  0x0000023d00126be0: ;   {metadata(method data for {method} {0x0000023d18010cc0} 'defineClass' '(Ljava/lang/String;[BIILjava/security/ProtectionDomain;)Ljava/lang/Class;' in 'java/lang/ClassLoader')}
  0x0000023d00126be0: 7849 b8c0 | aa11 593d | 0200 0049 | 8380 9001 | 0000 014c | 8bc0 4c8b | 8c24 9800 | 0000 488b 
  0x0000023d00126c00: 5424 7848 | 8984 24a0 | 0000 000f 

  0x0000023d00126c0c: ;   {optimized virtual_call}
  0x0000023d00126c0c: 1f40 00e8 

  0x0000023d00126c10: ; ImmutableOopMap {[160]=Oop }
                      ;*invokevirtual postDefineClass {reexecute=0 rethrow=0 return_oop=0}
                      ; - java.lang.ClassLoader::defineClass@37 (line 1018)
  0x0000023d00126c10: 8c05 feff | 488b 8424 | a000 0000 | 4881 c4b0 | 0000 005d 

  0x0000023d00126c24: ;   {poll_return}
  0x0000023d00126c24: 493b a750 | 0300 000f | 8799 0000 

  0x0000023d00126c30: ;   {metadata({method} {0x0000023d18010cc0} 'defineClass' '(Ljava/lang/String;[BIILjava/security/ProtectionDomain;)Ljava/lang/Class;' in 'java/lang/ClassLoader')}
  0x0000023d00126c30: 00c3 49ba | b80c 0118 | 3d02 0000 | 4c89 5424 | 0848 c704 | 24ff ffff 

  0x0000023d00126c48: ;   {runtime_call counter_overflow Runtime1 stub}
  0x0000023d00126c48: ffe8 3240 

  0x0000023d00126c4c: ; ImmutableOopMap {rdx=Oop [120]=Oop r8=Oop r9=Oop rcx=Oop }
                      ;*synchronization entry
                      ; - java.lang.ClassLoader::defineClass@-1 (line 1015)
  0x0000023d00126c4c: 4207 e989 

  0x0000023d00126c50: ;   {metadata({method} {0x0000023d18010ed0} 'defineClassSourceLocation' '(Ljava/security/ProtectionDomain;)Ljava/lang/String;' in 'java/lang/ClassLoader')}
  0x0000023d00126c50: fcff ff49 | bac8 0e01 | 183d 0200 | 004c 8954 | 2408 48c7 | 0424 ffff 

  0x0000023d00126c68: ;   {runtime_call counter_overflow Runtime1 stub}
  0x0000023d00126c68: ffff e811 

  0x0000023d00126c6c: ; ImmutableOopMap {[120]=Oop [136]=Oop [128]=Oop rax=Oop [152]=Oop }
                      ;*synchronization entry
                      ; - java.lang.ClassLoader::defineClassSourceLocation@-1 (line 914)
                      ; - java.lang.ClassLoader::defineClass@12 (line 1016)
  0x0000023d00126c6c: 4042 07e9 | f9fc ffff 

  0x0000023d00126c74: ;   {runtime_call throw_null_pointer_exception Runtime1 stub}
  0x0000023d00126c74: e827 ec41 

  0x0000023d00126c78: ; ImmutableOopMap {[120]=Oop [136]=Oop [128]=Oop rax=Oop [152]=Oop }
                      ;*invokevirtual getCodeSource {reexecute=0 rethrow=0 return_oop=0}
                      ; - java.lang.ClassLoader::defineClassSourceLocation@1 (line 914)
                      ; - java.lang.ClassLoader::defineClass@12 (line 1016)
                      ;   {runtime_call throw_null_pointer_exception Runtime1 stub}
  0x0000023d00126c78: 07e8 22ec 

  0x0000023d00126c7c: ; ImmutableOopMap {[120]=Oop [136]=Oop [128]=Oop rax=Oop [152]=Oop r8=Oop }
                      ;*invokevirtual getLocation {reexecute=0 rethrow=0 return_oop=0}
                      ; - java.lang.ClassLoader::defineClassSourceLocation@12 (line 916)
                      ; - java.lang.ClassLoader::defineClass@12 (line 1016)
                      ;   {runtime_call throw_null_pointer_exception Runtime1 stub}
  0x0000023d00126c7c: 4107 e81d 

  0x0000023d00126c80: ; ImmutableOopMap {[120]=Oop [136]=Oop [128]=Oop [152]=Oop rdx=Oop }
                      ;*invokevirtual toString {reexecute=0 rethrow=0 return_oop=0}
                      ; - java.lang.ClassLoader::defineClassSourceLocation@22 (line 917)
                      ; - java.lang.ClassLoader::defineClass@12 (line 1016)
                      ;   {metadata({method} {0x0000023d18069960} 'toString' '()Ljava/lang/String;' in 'java/net/URL')}
  0x0000023d00126c80: ec41 0749 | ba58 9906 | 183d 0200 | 004c 8954 | 2408 48c7 | 0424 ffff 

  0x0000023d00126c98: ;   {runtime_call counter_overflow Runtime1 stub}
  0x0000023d00126c98: ffff e8e1 

  0x0000023d00126c9c: ; ImmutableOopMap {[120]=Oop [136]=Oop [128]=Oop [152]=Oop rdx=Oop }
                      ;*synchronization entry
                      ; - java.net.URL::toString@-1 (line 1025)
                      ; - java.lang.ClassLoader::defineClassSourceLocation@22 (line 917)
                      ; - java.lang.ClassLoader::defineClass@12 (line 1016)
  0x0000023d00126c9c: 3f42 07e9 | effd ffff 

  0x0000023d00126ca4: ;   {metadata({method} {0x0000023d1806a1f8} 'toExternalForm' '()Ljava/lang/String;' in 'java/net/URL')}
  0x0000023d00126ca4: 49ba f0a1 | 0618 3d02 | 0000 4c89 | 5424 0848 | c704 24ff 

  0x0000023d00126cb8: ;   {runtime_call counter_overflow Runtime1 stub}
  0x0000023d00126cb8: ffff ffe8 

  0x0000023d00126cbc: ; ImmutableOopMap {[120]=Oop [136]=Oop [128]=Oop [152]=Oop rdx=Oop }
                      ;*synchronization entry
                      ; - java.net.URL::toExternalForm@-1 (line 1039)
                      ; - java.net.URL::toString@1 (line 1025)
                      ; - java.lang.ClassLoader::defineClassSourceLocation@22 (line 917)
                      ; - java.lang.ClassLoader::defineClass@12 (line 1016)
  0x0000023d00126cbc: c03f 4207 | e90d feff 

  0x0000023d00126cc4: ;   {runtime_call throw_null_pointer_exception Runtime1 stub}
  0x0000023d00126cc4: ffe8 d6eb 

  0x0000023d00126cc8: ; ImmutableOopMap {[120]=Oop [136]=Oop [128]=Oop [152]=Oop rdx=Oop rsi=Oop }
                      ;*invokevirtual toExternalForm {reexecute=0 rethrow=0 return_oop=0}
                      ; - java.net.URL::toExternalForm@5 (line 1039)
                      ; - java.net.URL::toString@1 (line 1025)
                      ; - java.lang.ClassLoader::defineClassSourceLocation@22 (line 917)
                      ; - java.lang.ClassLoader::defineClass@12 (line 1016)
                      ;   {internal_word}
  0x0000023d00126cc8: 4107 49ba | 246c 1200 | 3d02 0000 | 4d89 9768 

  0x0000023d00126cd8: ;   {runtime_call SafepointBlob}
  0x0000023d00126cd8: 0300 00e9 | 200d 3807 | 9090 498b | 87e0 0300 | 0049 c787 | e003 0000 | 0000 0000 | 49c7 87e8 
  0x0000023d00126cf8: 0300 0000 | 0000 0048 | 81c4 b000 

  0x0000023d00126d04: ;   {runtime_call unwind_exception Runtime1 stub}
  0x0000023d00126d04: 0000 5de9 | 74cd 4107 | f4f4 f4f4 | f4f4 f4f4 | f4f4 f4f4 | f4f4 f4f4 | f4f4 f4f4 
[Stub Code]
  0x0000023d00126d20: ;   {no_reloc}
  0x0000023d00126d20: 0f1f 4400 

  0x0000023d00126d24: ;   {static_stub}
  0x0000023d00126d24: 0048 bb70 | 0e01 183d 

  0x0000023d00126d2c: ;   {runtime_call I2C/C2I adapters}
  0x0000023d00126d2c: 0200 00e9 | ad6c 3707 

  0x0000023d00126d34: ;   {static_stub}
  0x0000023d00126d34: 9048 bb90 | ed0d 183d 

  0x0000023d00126d3c: ;   {runtime_call I2C/C2I adapters}
  0x0000023d00126d3c: 0200 00e9 | 19f9 3707 

  0x0000023d00126d44: ;   {static_stub}
  0x0000023d00126d44: 9048 bb00 | 0000 0000 

  0x0000023d00126d4c: ;   {runtime_call}
  0x0000023d00126d4c: 0000 00e9 | fbff ffff 

  0x0000023d00126d54: ;   {static_stub}
  0x0000023d00126d54: 9048 bb00 | 0000 0000 

  0x0000023d00126d5c: ;   {runtime_call}
  0x0000023d00126d5c: 0000 00e9 | fbff ffff 
[Exception Handler]
  0x0000023d00126d64: ;   {runtime_call handle_exception_from_callee Runtime1 stub}
  0x0000023d00126d64: e817 0942 

  0x0000023d00126d68: ;   {external_word}
  0x0000023d00126d68: 0748 b950 | ca7f 4cfe | 7f00 0048 

  0x0000023d00126d74: ;   {runtime_call}
  0x0000023d00126d74: 83e4 f049 | ba40 4848 | 4cfe 7f00 | 0041 ffd2 

  0x0000023d00126d84: ;   {section_word}
  0x0000023d00126d84: f449 ba85 | 6d12 003d | 0200 0041 

  0x0000023d00126d90: ;   {runtime_call DeoptimizationBlob}
  0x0000023d00126d90: 52e9 0aff | 3707 f4f4 
[/MachCode]


Compiled method (c1)     793  710       3       java.security.SecureClassLoader::defineClass (16 bytes)
 total in heap  [0x0000023d00138c90,0x0000023d00139080] = 1008
 relocation     [0x0000023d00138de8,0x0000023d00138e30] = 72
 main code      [0x0000023d00138e40,0x0000023d00138f80] = 320
 stub code      [0x0000023d00138f80,0x0000023d00138fd8] = 88
 metadata       [0x0000023d00138fd8,0x0000023d00138fe0] = 8
 scopes data    [0x0000023d00138fe0,0x0000023d00139028] = 72
 scopes pcs     [0x0000023d00139028,0x0000023d00139078] = 80
 dependencies   [0x0000023d00139078,0x0000023d00139080] = 8

[Constant Pool (empty)]

[MachCode]
[Entry Point]
  # {method} {0x0000023d18434ea0} 'defineClass' '(Ljava/lang/String;[BIILjava/security/CodeSource;)Ljava/lang/Class;' in 'java/security/SecureClassLoader'
  # this:     rdx:rdx   = 'java/security/SecureClassLoader'
  # parm0:    r8:r8     = 'java/lang/String'
  # parm1:    r9:r9     = '[B'
  # parm2:    rdi       = int
  # parm3:    rsi       = int
  # parm4:    rcx:rcx   = 'java/security/CodeSource'
  #           [sp+0x80]  (sp of caller)
  0x0000023d00138e40: 448b 5208 | 49bb 0000 | 0018 3d02 | 0000 4d03 | d34c 3bd0 

  0x0000023d00138e54: ;   {runtime_call ic_miss_stub}
  0x0000023d00138e54: 0f85 2682 | 3607 660f | 1f44 0000 
[Verified Entry Point]
  0x0000023d00138e60: 8984 2400 | 90ff ff55 | 4883 ec70 

  0x0000023d00138e6c: ;   {metadata(method data for {method} {0x0000023d18434ea0} 'defineClass' '(Ljava/lang/String;[BIILjava/security/CodeSource;)Ljava/lang/Class;' in 'java/security/SecureClassLoader')}
  0x0000023d00138e6c: 48bb d05c | 1159 3d02 | 0000 8b83 | cc00 0000 | 83c0 0289 | 83cc 0000 | 0081 e0fe | 0700 0083 
  0x0000023d00138e8c: f800 0f84 | 8b00 0000 | 8974 245c | 897c 2458 | 4c89 4c24 | 504c 8944 | 2448 488b 

  0x0000023d00138ea8: ;   {metadata(method data for {method} {0x0000023d18434ea0} 'defineClass' '(Ljava/lang/String;[BIILjava/security/CodeSource;)Ljava/lang/Class;' in 'java/security/SecureClassLoader')}
  0x0000023d00138ea8: da48 b8d0 | 5c11 593d | 0200 0048 | 8380 1001 | 0000 014c | 8bc1 488b | c248 8bd0 | 4889 4424 
  0x0000023d00138ec8: 4066 0f1f 

  0x0000023d00138ecc: ;   {optimized virtual_call}
  0x0000023d00138ecc: 4400 00e8 

  0x0000023d00138ed0: ; ImmutableOopMap {[80]=Oop [64]=Oop [72]=Oop }
                      ;*invokevirtual getProtectionDomain {reexecute=0 rethrow=0 return_oop=0}
                      ; - java.security.SecureClassLoader::defineClass@9 (line 150)
  0x0000023d00138ed0: 4c52 ffff | 488b 5424 

  0x0000023d00138ed8: ;   {metadata(method data for {method} {0x0000023d18434ea0} 'defineClass' '(Ljava/lang/String;[BIILjava/security/CodeSource;)Ljava/lang/Class;' in 'java/security/SecureClassLoader')}
  0x0000023d00138ed8: 4049 b8d0 | 5c11 593d | 0200 0049 | 8380 4801 | 0000 014c | 8b44 2448 | 4c8b 4c24 | 508b 7c24 
  0x0000023d00138ef8: 588b 7424 | 5c48 8bc8 | 488b 5424 

  0x0000023d00138f04: ;   {optimized virtual_call}
  0x0000023d00138f04: 4066 90e8 

  0x0000023d00138f08: ; ImmutableOopMap {}
                      ;*invokevirtual defineClass {reexecute=0 rethrow=0 return_oop=0}
                      ; - java.security.SecureClassLoader::defineClass@12 (line 150)
  0x0000023d00138f08: 94d9 feff | 4883 c470 

  0x0000023d00138f10: ;   {poll_return}
  0x0000023d00138f10: 5d49 3ba7 | 5003 0000 | 0f87 2200 

  0x0000023d00138f1c: ;   {metadata({method} {0x0000023d18434ea0} 'defineClass' '(Ljava/lang/String;[BIILjava/security/CodeSource;)Ljava/lang/Class;' in 'java/security/SecureClassLoader')}
  0x0000023d00138f1c: 0000 c349 | ba98 4e43 | 183d 0200 | 004c 8954 | 2408 48c7 | 0424 ffff 

  0x0000023d00138f34: ;   {runtime_call counter_overflow Runtime1 stub}
  0x0000023d00138f34: ffff e845 

  0x0000023d00138f38: ; ImmutableOopMap {rdx=Oop r8=Oop r9=Oop rcx=Oop }
                      ;*synchronization entry
                      ; - java.security.SecureClassLoader::defineClass@-1 (line 150)
  0x0000023d00138f38: 1d41 07e9 | 54ff ffff 

  0x0000023d00138f40: ;   {internal_word}
  0x0000023d00138f40: 49ba 118f | 1300 3d02 | 0000 4d89 | 9768 0300 

  0x0000023d00138f50: ;   {runtime_call SafepointBlob}
  0x0000023d00138f50: 00e9 aaea | 3607 9090 | 498b 87e0 | 0300 0049 | c787 e003 | 0000 0000 | 0000 49c7 | 87e8 0300 
  0x0000023d00138f70: 0000 0000 | 0048 83c4 

  0x0000023d00138f78: ;   {runtime_call unwind_exception Runtime1 stub}
  0x0000023d00138f78: 705d e901 | ab40 07f4 
[Stub Code]
  0x0000023d00138f80: ;   {no_reloc}
  0x0000023d00138f80: 0f1f 4400 

  0x0000023d00138f84: ;   {static_stub}
  0x0000023d00138f84: 0048 bb00 | 0000 0000 

  0x0000023d00138f8c: ;   {runtime_call}
  0x0000023d00138f8c: 0000 00e9 | fbff ffff 

  0x0000023d00138f94: ;   {static_stub}
  0x0000023d00138f94: 9048 bb00 | 0000 0000 

  0x0000023d00138f9c: ;   {runtime_call}
  0x0000023d00138f9c: 0000 00e9 | fbff ffff 
[Exception Handler]
  0x0000023d00138fa4: ;   {runtime_call handle_exception_from_callee Runtime1 stub}
  0x0000023d00138fa4: e8d7 e640 

  0x0000023d00138fa8: ;   {external_word}
  0x0000023d00138fa8: 0748 b950 | ca7f 4cfe | 7f00 0048 

  0x0000023d00138fb4: ;   {runtime_call}
  0x0000023d00138fb4: 83e4 f049 | ba40 4848 | 4cfe 7f00 | 0041 ffd2 

  0x0000023d00138fc4: ;   {section_word}
  0x0000023d00138fc4: f449 bac5 | 8f13 003d | 0200 0041 

  0x0000023d00138fd0: ;   {runtime_call DeoptimizationBlob}
  0x0000023d00138fd0: 52e9 cadc | 3607 f4f4 
[/MachCode]


---------------  P R O C E S S  ---------------

Threads class SMR info:
_java_thread_list=0x0000023d5d301480, length=15, elements={
0x0000023d69640880, 0x0000023d7dbba4f0, 0x0000023d7dbbb370, 0x0000023d7dbd0c00,
0x0000023d7dbd17c0, 0x0000023d7dbd4290, 0x0000023d7dbd4c50, 0x0000023d7dbe1f10,
0x0000023d7dbe38e0, 0x0000023d7dbee9d0, 0x0000023d17890950, 0x0000023d17a29870,
0x0000023d17a2a970, 0x0000023d5d194970, 0x0000023d5d24a680
}

Java Threads: ( => current thread )
=>0x0000023d69640880 JavaThread "main" [_thread_in_vm, id=67336, stack(0x00000081cb700000,0x00000081cb800000)]
  0x0000023d7dbba4f0 JavaThread "Reference Handler" daemon [_thread_blocked, id=64612, stack(0x00000081cbe00000,0x00000081cbf00000)]
  0x0000023d7dbbb370 JavaThread "Finalizer" daemon [_thread_blocked, id=44612, stack(0x00000081cbf00000,0x00000081cc000000)]
  0x0000023d7dbd0c00 JavaThread "Signal Dispatcher" daemon [_thread_blocked, id=67992, stack(0x00000081cc000000,0x00000081cc100000)]
  0x0000023d7dbd17c0 JavaThread "Attach Listener" daemon [_thread_blocked, id=45644, stack(0x00000081cc100000,0x00000081cc200000)]
  0x0000023d7dbd4290 JavaThread "Service Thread" daemon [_thread_blocked, id=960, stack(0x00000081cc200000,0x00000081cc300000)]
  0x0000023d7dbd4c50 JavaThread "Monitor Deflation Thread" daemon [_thread_blocked, id=42660, stack(0x00000081cc300000,0x00000081cc400000)]
  0x0000023d7dbe1f10 JavaThread "C2 CompilerThread0" daemon [_thread_blocked, id=46784, stack(0x00000081cc400000,0x00000081cc500000)]
  0x0000023d7dbe38e0 JavaThread "C1 CompilerThread0" daemon [_thread_blocked, id=68860, stack(0x00000081cc500000,0x00000081cc600000)]
  0x0000023d7dbee9d0 JavaThread "Sweeper thread" daemon [_thread_blocked, id=64428, stack(0x00000081cc600000,0x00000081cc700000)]
  0x0000023d17890950 JavaThread "C1 CompilerThread1" daemon [_thread_blocked, id=26580, stack(0x00000081cc700000,0x00000081cc800000)]
  0x0000023d17a29870 JavaThread "Notification Thread" daemon [_thread_blocked, id=56380, stack(0x00000081cc800000,0x00000081cc900000)]
  0x0000023d17a2a970 JavaThread "Common-Cleaner" daemon [_thread_blocked, id=65952, stack(0x00000081cca00000,0x00000081ccb00000)]
  0x0000023d5d194970 JavaThread "C1 CompilerThread2" daemon [_thread_blocked, id=70140, stack(0x00000081ccd00000,0x00000081cce00000)]
  0x0000023d5d24a680 JavaThread "C1 CompilerThread3" daemon [_thread_blocked, id=70512, stack(0x00000081cce00000,0x00000081ccf00000)]

Other Threads:
  0x0000023d7dbb48d0 VMThread "VM Thread" [stack: 0x00000081cbd00000,0x00000081cbe00000] [id=47952]
  0x0000023d17a34630 WatcherThread [stack: 0x00000081cc900000,0x00000081cca00000] [id=58036]
  0x0000023d696eb3d0 GCTaskThread "GC Thread#0" [stack: 0x00000081cb800000,0x00000081cb900000] [id=45760]
  0x0000023d5d2f8640 GCTaskThread "GC Thread#1" [stack: 0x00000081ccc00000,0x00000081ccd00000] [id=57188]
  0x0000023d5d2f75c0 GCTaskThread "GC Thread#2" [stack: 0x00000081ccf00000,0x00000081cd000000] [id=63072]
  0x0000023d5d2f8bc0 GCTaskThread "GC Thread#3" [stack: 0x00000081cd000000,0x00000081cd100000] [id=67496]
  0x0000023d5d2f8e80 GCTaskThread "GC Thread#4" [stack: 0x00000081cd100000,0x00000081cd200000] [id=67468]
  0x0000023d5d2f7300 GCTaskThread "GC Thread#5" [stack: 0x00000081cd200000,0x00000081cd300000] [id=69880]
  0x0000023d5d2f7880 GCTaskThread "GC Thread#6" [stack: 0x00000081cd300000,0x00000081cd400000] [id=56420]
  0x0000023d5d2f80c0 GCTaskThread "GC Thread#7" [stack: 0x00000081cd400000,0x00000081cd500000] [id=63764]
  0x0000023d5d2f7b40 GCTaskThread "GC Thread#8" [stack: 0x00000081cd500000,0x00000081cd600000] [id=29112]
  0x0000023d5d2f7e00 GCTaskThread "GC Thread#9" [stack: 0x00000081cd600000,0x00000081cd700000] [id=69868]
  0x0000023d5d2f8380 GCTaskThread "GC Thread#10" [stack: 0x00000081cd700000,0x00000081cd800000] [id=62348]
  0x0000023d5d2f8900 GCTaskThread "GC Thread#11" [stack: 0x00000081cd800000,0x00000081cd900000] [id=65988]
  0x0000023d7d9ffdb0 ConcurrentGCThread "G1 Main Marker" [stack: 0x00000081cb900000,0x00000081cba00000] [id=57900]
  0x0000023d7da007d0 ConcurrentGCThread "G1 Conc#0" [stack: 0x00000081cba00000,0x00000081cbb00000] [id=64168]
  0x0000023d7daf0f20 ConcurrentGCThread "G1 Refine#0" [stack: 0x00000081cbb00000,0x00000081cbc00000] [id=38236]
  0x0000023d7daf1950 ConcurrentGCThread "G1 Service" [stack: 0x00000081cbc00000,0x00000081cbd00000] [id=47196]

Threads with active compile tasks:

VM state: not at safepoint (normal execution)

VM Mutex/Monitor currently owned by a thread:  ([mutex/lock_event])
[0x0000023d6963d960] Metaspace_lock - owner thread: 0x0000023d69640880

Heap address: 0x000000060a800000, size: 8024 MB, Compressed Oops mode: Zero based, Oop shift amount: 3

CDS archive(s) mapped at: [0x0000023d18000000-0x0000023d18bc0000-0x0000023d18bc0000), size 12320768, SharedBaseAddress: 0x0000023d18000000, ArchiveRelocationMode: 1.
Compressed class space mapped at: 0x0000023d19000000-0x0000023d59000000, reserved size: 1073741824
Narrow klass base: 0x0000023d18000000, Narrow klass shift: 0, Narrow klass range: 0x100000000

GC Precious Log:
 CPUs: 16 total, 16 available
 Memory: 32094M
 Large Page Support: Disabled
 NUMA Support: Disabled
 Compressed Oops: Enabled (Zero based)
 Heap Region Size: 4M
 Heap Min Capacity: 8M
 Heap Initial Capacity: 504M
 Heap Max Capacity: 8024M
 Pre-touch: Disabled
 Parallel Workers: 13
 Concurrent Workers: 3
 Concurrent Refinement Workers: 13
 Periodic GC: Disabled

Heap:
 garbage-first heap   total 516096K, used 7059K [0x000000060a800000, 0x0000000800000000)
  region size 4096K, 2 young (8192K), 1 survivors (4096K)
 Metaspace       used 7778K, committed 7872K, reserved 1114112K
  class space    used 729K, committed 768K, reserved 1048576K

Heap Regions: E=young(eden), S=young(survivor), O=old, HS=humongous(starts), HC=humongous(continues), CS=collection set, F=free, OA=open archive, CA=closed archive, TAMS=top-at-mark-start (previous, next)
|   0|0x000000060a800000, 0x000000060ac00000, 0x000000060ac00000|100%|HS|  |TAMS 0x000000060a800000, 0x000000060a800000| Complete 
|   1|0x000000060ac00000, 0x000000060ac00000, 0x000000060b000000|  0%| F|  |TAMS 0x000000060ac00000, 0x000000060ac00000| Untracked 
|   2|0x000000060b000000, 0x000000060b000000, 0x000000060b400000|  0%| F|  |TAMS 0x000000060b000000, 0x000000060b000000| Untracked 
|   3|0x000000060b400000, 0x000000060b400000, 0x000000060b800000|  0%| F|  |TAMS 0x000000060b400000, 0x000000060b400000| Untracked 
|   4|0x000000060b800000, 0x000000060b800000, 0x000000060bc00000|  0%| F|  |TAMS 0x000000060b800000, 0x000000060b800000| Untracked 
|   5|0x000000060bc00000, 0x000000060bc00000, 0x000000060c000000|  0%| F|  |TAMS 0x000000060bc00000, 0x000000060bc00000| Untracked 
|   6|0x000000060c000000, 0x000000060c000000, 0x000000060c400000|  0%| F|  |TAMS 0x000000060c000000, 0x000000060c000000| Untracked 
|   7|0x000000060c400000, 0x000000060c400000, 0x000000060c800000|  0%| F|  |TAMS 0x000000060c400000, 0x000000060c400000| Untracked 
|   8|0x000000060c800000, 0x000000060c800000, 0x000000060cc00000|  0%| F|  |TAMS 0x000000060c800000, 0x000000060c800000| Untracked 
|   9|0x000000060cc00000, 0x000000060cc00000, 0x000000060d000000|  0%| F|  |TAMS 0x000000060cc00000, 0x000000060cc00000| Untracked 
|  10|0x000000060d000000, 0x000000060d000000, 0x000000060d400000|  0%| F|  |TAMS 0x000000060d000000, 0x000000060d000000| Untracked 
|  11|0x000000060d400000, 0x000000060d400000, 0x000000060d800000|  0%| F|  |TAMS 0x000000060d400000, 0x000000060d400000| Untracked 
|  12|0x000000060d800000, 0x000000060d800000, 0x000000060dc00000|  0%| F|  |TAMS 0x000000060d800000, 0x000000060d800000| Untracked 
|  13|0x000000060dc00000, 0x000000060dc00000, 0x000000060e000000|  0%| F|  |TAMS 0x000000060dc00000, 0x000000060dc00000| Untracked 
|  14|0x000000060e000000, 0x000000060e000000, 0x000000060e400000|  0%| F|  |TAMS 0x000000060e000000, 0x000000060e000000| Untracked 
|  15|0x000000060e400000, 0x000000060e400000, 0x000000060e800000|  0%| F|  |TAMS 0x000000060e400000, 0x000000060e400000| Untracked 
|  16|0x000000060e800000, 0x000000060e800000, 0x000000060ec00000|  0%| F|  |TAMS 0x000000060e800000, 0x000000060e800000| Untracked 
|  17|0x000000060ec00000, 0x000000060ec00000, 0x000000060f000000|  0%| F|  |TAMS 0x000000060ec00000, 0x000000060ec00000| Untracked 
|  18|0x000000060f000000, 0x000000060f000000, 0x000000060f400000|  0%| F|  |TAMS 0x000000060f000000, 0x000000060f000000| Untracked 
|  19|0x000000060f400000, 0x000000060f400000, 0x000000060f800000|  0%| F|  |TAMS 0x000000060f400000, 0x000000060f400000| Untracked 
|  20|0x000000060f800000, 0x000000060f800000, 0x000000060fc00000|  0%| F|  |TAMS 0x000000060f800000, 0x000000060f800000| Untracked 
|  21|0x000000060fc00000, 0x000000060fc00000, 0x0000000610000000|  0%| F|  |TAMS 0x000000060fc00000, 0x000000060fc00000| Untracked 
|  22|0x0000000610000000, 0x0000000610000000, 0x0000000610400000|  0%| F|  |TAMS 0x0000000610000000, 0x0000000610000000| Untracked 
|  23|0x0000000610400000, 0x0000000610400000, 0x0000000610800000|  0%| F|  |TAMS 0x0000000610400000, 0x0000000610400000| Untracked 
|  24|0x0000000610800000, 0x0000000610800000, 0x0000000610c00000|  0%| F|  |TAMS 0x0000000610800000, 0x0000000610800000| Untracked 
|  25|0x0000000610c00000, 0x0000000610c00000, 0x0000000611000000|  0%| F|  |TAMS 0x0000000610c00000, 0x0000000610c00000| Untracked 
|  26|0x0000000611000000, 0x0000000611000000, 0x0000000611400000|  0%| F|  |TAMS 0x0000000611000000, 0x0000000611000000| Untracked 
|  27|0x0000000611400000, 0x0000000611400000, 0x0000000611800000|  0%| F|  |TAMS 0x0000000611400000, 0x0000000611400000| Untracked 
|  28|0x0000000611800000, 0x0000000611800000, 0x0000000611c00000|  0%| F|  |TAMS 0x0000000611800000, 0x0000000611800000| Untracked 
|  29|0x0000000611c00000, 0x0000000611c00000, 0x0000000612000000|  0%| F|  |TAMS 0x0000000611c00000, 0x0000000611c00000| Untracked 
|  30|0x0000000612000000, 0x0000000612000000, 0x0000000612400000|  0%| F|  |TAMS 0x0000000612000000, 0x0000000612000000| Untracked 
|  31|0x0000000612400000, 0x0000000612400000, 0x0000000612800000|  0%| F|  |TAMS 0x0000000612400000, 0x0000000612400000| Untracked 
|  32|0x0000000612800000, 0x0000000612800000, 0x0000000612c00000|  0%| F|  |TAMS 0x0000000612800000, 0x0000000612800000| Untracked 
|  33|0x0000000612c00000, 0x0000000612c00000, 0x0000000613000000|  0%| F|  |TAMS 0x0000000612c00000, 0x0000000612c00000| Untracked 
|  34|0x0000000613000000, 0x0000000613000000, 0x0000000613400000|  0%| F|  |TAMS 0x0000000613000000, 0x0000000613000000| Untracked 
|  35|0x0000000613400000, 0x0000000613400000, 0x0000000613800000|  0%| F|  |TAMS 0x0000000613400000, 0x0000000613400000| Untracked 
|  36|0x0000000613800000, 0x0000000613800000, 0x0000000613c00000|  0%| F|  |TAMS 0x0000000613800000, 0x0000000613800000| Untracked 
|  37|0x0000000613c00000, 0x0000000613c00000, 0x0000000614000000|  0%| F|  |TAMS 0x0000000613c00000, 0x0000000613c00000| Untracked 
|  38|0x0000000614000000, 0x0000000614000000, 0x0000000614400000|  0%| F|  |TAMS 0x0000000614000000, 0x0000000614000000| Untracked 
|  39|0x0000000614400000, 0x0000000614400000, 0x0000000614800000|  0%| F|  |TAMS 0x0000000614400000, 0x0000000614400000| Untracked 
|  40|0x0000000614800000, 0x0000000614800000, 0x0000000614c00000|  0%| F|  |TAMS 0x0000000614800000, 0x0000000614800000| Untracked 
|  41|0x0000000614c00000, 0x0000000614c00000, 0x0000000615000000|  0%| F|  |TAMS 0x0000000614c00000, 0x0000000614c00000| Untracked 
|  42|0x0000000615000000, 0x0000000615000000, 0x0000000615400000|  0%| F|  |TAMS 0x0000000615000000, 0x0000000615000000| Untracked 
|  43|0x0000000615400000, 0x0000000615400000, 0x0000000615800000|  0%| F|  |TAMS 0x0000000615400000, 0x0000000615400000| Untracked 
|  44|0x0000000615800000, 0x0000000615800000, 0x0000000615c00000|  0%| F|  |TAMS 0x0000000615800000, 0x0000000615800000| Untracked 
|  45|0x0000000615c00000, 0x0000000615c00000, 0x0000000616000000|  0%| F|  |TAMS 0x0000000615c00000, 0x0000000615c00000| Untracked 
|  46|0x0000000616000000, 0x0000000616000000, 0x0000000616400000|  0%| F|  |TAMS 0x0000000616000000, 0x0000000616000000| Untracked 
|  47|0x0000000616400000, 0x0000000616400000, 0x0000000616800000|  0%| F|  |TAMS 0x0000000616400000, 0x0000000616400000| Untracked 
|  48|0x0000000616800000, 0x0000000616800000, 0x0000000616c00000|  0%| F|  |TAMS 0x0000000616800000, 0x0000000616800000| Untracked 
|  49|0x0000000616c00000, 0x0000000616c00000, 0x0000000617000000|  0%| F|  |TAMS 0x0000000616c00000, 0x0000000616c00000| Untracked 
|  50|0x0000000617000000, 0x0000000617000000, 0x0000000617400000|  0%| F|  |TAMS 0x0000000617000000, 0x0000000617000000| Untracked 
|  51|0x0000000617400000, 0x0000000617400000, 0x0000000617800000|  0%| F|  |TAMS 0x0000000617400000, 0x0000000617400000| Untracked 
|  52|0x0000000617800000, 0x0000000617800000, 0x0000000617c00000|  0%| F|  |TAMS 0x0000000617800000, 0x0000000617800000| Untracked 
|  53|0x0000000617c00000, 0x0000000617c00000, 0x0000000618000000|  0%| F|  |TAMS 0x0000000617c00000, 0x0000000617c00000| Untracked 
|  54|0x0000000618000000, 0x0000000618000000, 0x0000000618400000|  0%| F|  |TAMS 0x0000000618000000, 0x0000000618000000| Untracked 
|  55|0x0000000618400000, 0x0000000618400000, 0x0000000618800000|  0%| F|  |TAMS 0x0000000618400000, 0x0000000618400000| Untracked 
|  56|0x0000000618800000, 0x0000000618800000, 0x0000000618c00000|  0%| F|  |TAMS 0x0000000618800000, 0x0000000618800000| Untracked 
|  57|0x0000000618c00000, 0x0000000618c00000, 0x0000000619000000|  0%| F|  |TAMS 0x0000000618c00000, 0x0000000618c00000| Untracked 
|  58|0x0000000619000000, 0x0000000619000000, 0x0000000619400000|  0%| F|  |TAMS 0x0000000619000000, 0x0000000619000000| Untracked 
|  59|0x0000000619400000, 0x0000000619400000, 0x0000000619800000|  0%| F|  |TAMS 0x0000000619400000, 0x0000000619400000| Untracked 
|  60|0x0000000619800000, 0x0000000619800000, 0x0000000619c00000|  0%| F|  |TAMS 0x0000000619800000, 0x0000000619800000| Untracked 
|  61|0x0000000619c00000, 0x0000000619c00000, 0x000000061a000000|  0%| F|  |TAMS 0x0000000619c00000, 0x0000000619c00000| Untracked 
|  62|0x000000061a000000, 0x000000061a000000, 0x000000061a400000|  0%| F|  |TAMS 0x000000061a000000, 0x000000061a000000| Untracked 
|  63|0x000000061a400000, 0x000000061a400000, 0x000000061a800000|  0%| F|  |TAMS 0x000000061a400000, 0x000000061a400000| Untracked 
|  64|0x000000061a800000, 0x000000061a800000, 0x000000061ac00000|  0%| F|  |TAMS 0x000000061a800000, 0x000000061a800000| Untracked 
|  65|0x000000061ac00000, 0x000000061ac00000, 0x000000061b000000|  0%| F|  |TAMS 0x000000061ac00000, 0x000000061ac00000| Untracked 
|  66|0x000000061b000000, 0x000000061b000000, 0x000000061b400000|  0%| F|  |TAMS 0x000000061b000000, 0x000000061b000000| Untracked 
|  67|0x000000061b400000, 0x000000061b400000, 0x000000061b800000|  0%| F|  |TAMS 0x000000061b400000, 0x000000061b400000| Untracked 
|  68|0x000000061b800000, 0x000000061b800000, 0x000000061bc00000|  0%| F|  |TAMS 0x000000061b800000, 0x000000061b800000| Untracked 
|  69|0x000000061bc00000, 0x000000061bc00000, 0x000000061c000000|  0%| F|  |TAMS 0x000000061bc00000, 0x000000061bc00000| Untracked 
|  70|0x000000061c000000, 0x000000061c000000, 0x000000061c400000|  0%| F|  |TAMS 0x000000061c000000, 0x000000061c000000| Untracked 
|  71|0x000000061c400000, 0x000000061c400000, 0x000000061c800000|  0%| F|  |TAMS 0x000000061c400000, 0x000000061c400000| Untracked 
|  72|0x000000061c800000, 0x000000061c800000, 0x000000061cc00000|  0%| F|  |TAMS 0x000000061c800000, 0x000000061c800000| Untracked 
|  73|0x000000061cc00000, 0x000000061cc00000, 0x000000061d000000|  0%| F|  |TAMS 0x000000061cc00000, 0x000000061cc00000| Untracked 
|  74|0x000000061d000000, 0x000000061d000000, 0x000000061d400000|  0%| F|  |TAMS 0x000000061d000000, 0x000000061d000000| Untracked 
|  75|0x000000061d400000, 0x000000061d400000, 0x000000061d800000|  0%| F|  |TAMS 0x000000061d400000, 0x000000061d400000| Untracked 
|  76|0x000000061d800000, 0x000000061d800000, 0x000000061dc00000|  0%| F|  |TAMS 0x000000061d800000, 0x000000061d800000| Untracked 
|  77|0x000000061dc00000, 0x000000061dc00000, 0x000000061e000000|  0%| F|  |TAMS 0x000000061dc00000, 0x000000061dc00000| Untracked 
|  78|0x000000061e000000, 0x000000061e000000, 0x000000061e400000|  0%| F|  |TAMS 0x000000061e000000, 0x000000061e000000| Untracked 
|  79|0x000000061e400000, 0x000000061e400000, 0x000000061e800000|  0%| F|  |TAMS 0x000000061e400000, 0x000000061e400000| Untracked 
|  80|0x000000061e800000, 0x000000061e800000, 0x000000061ec00000|  0%| F|  |TAMS 0x000000061e800000, 0x000000061e800000| Untracked 
|  81|0x000000061ec00000, 0x000000061ec00000, 0x000000061f000000|  0%| F|  |TAMS 0x000000061ec00000, 0x000000061ec00000| Untracked 
|  82|0x000000061f000000, 0x000000061f000000, 0x000000061f400000|  0%| F|  |TAMS 0x000000061f000000, 0x000000061f000000| Untracked 
|  83|0x000000061f400000, 0x000000061f400000, 0x000000061f800000|  0%| F|  |TAMS 0x000000061f400000, 0x000000061f400000| Untracked 
|  84|0x000000061f800000, 0x000000061f800000, 0x000000061fc00000|  0%| F|  |TAMS 0x000000061f800000, 0x000000061f800000| Untracked 
|  85|0x000000061fc00000, 0x000000061fc00000, 0x0000000620000000|  0%| F|  |TAMS 0x000000061fc00000, 0x000000061fc00000| Untracked 
|  86|0x0000000620000000, 0x0000000620000000, 0x0000000620400000|  0%| F|  |TAMS 0x0000000620000000, 0x0000000620000000| Untracked 
|  87|0x0000000620400000, 0x0000000620400000, 0x0000000620800000|  0%| F|  |TAMS 0x0000000620400000, 0x0000000620400000| Untracked 
|  88|0x0000000620800000, 0x0000000620800000, 0x0000000620c00000|  0%| F|  |TAMS 0x0000000620800000, 0x0000000620800000| Untracked 
|  89|0x0000000620c00000, 0x0000000620c00000, 0x0000000621000000|  0%| F|  |TAMS 0x0000000620c00000, 0x0000000620c00000| Untracked 
|  90|0x0000000621000000, 0x0000000621000000, 0x0000000621400000|  0%| F|  |TAMS 0x0000000621000000, 0x0000000621000000| Untracked 
|  91|0x0000000621400000, 0x0000000621400000, 0x0000000621800000|  0%| F|  |TAMS 0x0000000621400000, 0x0000000621400000| Untracked 
|  92|0x0000000621800000, 0x0000000621800000, 0x0000000621c00000|  0%| F|  |TAMS 0x0000000621800000, 0x0000000621800000| Untracked 
|  93|0x0000000621c00000, 0x0000000621c00000, 0x0000000622000000|  0%| F|  |TAMS 0x0000000621c00000, 0x0000000621c00000| Untracked 
|  94|0x0000000622000000, 0x0000000622000000, 0x0000000622400000|  0%| F|  |TAMS 0x0000000622000000, 0x0000000622000000| Untracked 
|  95|0x0000000622400000, 0x0000000622400000, 0x0000000622800000|  0%| F|  |TAMS 0x0000000622400000, 0x0000000622400000| Untracked 
|  96|0x0000000622800000, 0x0000000622800000, 0x0000000622c00000|  0%| F|  |TAMS 0x0000000622800000, 0x0000000622800000| Untracked 
|  97|0x0000000622c00000, 0x0000000622c00000, 0x0000000623000000|  0%| F|  |TAMS 0x0000000622c00000, 0x0000000622c00000| Untracked 
|  98|0x0000000623000000, 0x0000000623000000, 0x0000000623400000|  0%| F|  |TAMS 0x0000000623000000, 0x0000000623000000| Untracked 
|  99|0x0000000623400000, 0x0000000623400000, 0x0000000623800000|  0%| F|  |TAMS 0x0000000623400000, 0x0000000623400000| Untracked 
| 100|0x0000000623800000, 0x0000000623800000, 0x0000000623c00000|  0%| F|  |TAMS 0x0000000623800000, 0x0000000623800000| Untracked 
| 101|0x0000000623c00000, 0x0000000623c00000, 0x0000000624000000|  0%| F|  |TAMS 0x0000000623c00000, 0x0000000623c00000| Untracked 
| 102|0x0000000624000000, 0x0000000624000000, 0x0000000624400000|  0%| F|  |TAMS 0x0000000624000000, 0x0000000624000000| Untracked 
| 103|0x0000000624400000, 0x0000000624400000, 0x0000000624800000|  0%| F|  |TAMS 0x0000000624400000, 0x0000000624400000| Untracked 
| 104|0x0000000624800000, 0x0000000624800000, 0x0000000624c00000|  0%| F|  |TAMS 0x0000000624800000, 0x0000000624800000| Untracked 
| 105|0x0000000624c00000, 0x0000000624c00000, 0x0000000625000000|  0%| F|  |TAMS 0x0000000624c00000, 0x0000000624c00000| Untracked 
| 106|0x0000000625000000, 0x0000000625000000, 0x0000000625400000|  0%| F|  |TAMS 0x0000000625000000, 0x0000000625000000| Untracked 
| 107|0x0000000625400000, 0x0000000625400000, 0x0000000625800000|  0%| F|  |TAMS 0x0000000625400000, 0x0000000625400000| Untracked 
| 108|0x0000000625800000, 0x0000000625800000, 0x0000000625c00000|  0%| F|  |TAMS 0x0000000625800000, 0x0000000625800000| Untracked 
| 109|0x0000000625c00000, 0x0000000625c00000, 0x0000000626000000|  0%| F|  |TAMS 0x0000000625c00000, 0x0000000625c00000| Untracked 
| 110|0x0000000626000000, 0x0000000626000000, 0x0000000626400000|  0%| F|  |TAMS 0x0000000626000000, 0x0000000626000000| Untracked 
| 111|0x0000000626400000, 0x0000000626400000, 0x0000000626800000|  0%| F|  |TAMS 0x0000000626400000, 0x0000000626400000| Untracked 
| 112|0x0000000626800000, 0x0000000626800000, 0x0000000626c00000|  0%| F|  |TAMS 0x0000000626800000, 0x0000000626800000| Untracked 
| 113|0x0000000626c00000, 0x0000000626c00000, 0x0000000627000000|  0%| F|  |TAMS 0x0000000626c00000, 0x0000000626c00000| Untracked 
| 114|0x0000000627000000, 0x0000000627000000, 0x0000000627400000|  0%| F|  |TAMS 0x0000000627000000, 0x0000000627000000| Untracked 
| 115|0x0000000627400000, 0x0000000627400000, 0x0000000627800000|  0%| F|  |TAMS 0x0000000627400000, 0x0000000627400000| Untracked 
| 116|0x0000000627800000, 0x0000000627800000, 0x0000000627c00000|  0%| F|  |TAMS 0x0000000627800000, 0x0000000627800000| Untracked 
| 117|0x0000000627c00000, 0x0000000627c00000, 0x0000000628000000|  0%| F|  |TAMS 0x0000000627c00000, 0x0000000627c00000| Untracked 
| 118|0x0000000628000000, 0x0000000628000000, 0x0000000628400000|  0%| F|  |TAMS 0x0000000628000000, 0x0000000628000000| Untracked 
| 119|0x0000000628400000, 0x00000006286e4d68, 0x0000000628800000| 72%| S|CS|TAMS 0x0000000628400000, 0x0000000628400000| Complete 
| 120|0x0000000628800000, 0x0000000628800000, 0x0000000628c00000|  0%| F|  |TAMS 0x0000000628800000, 0x0000000628800000| Untracked 
| 121|0x0000000628c00000, 0x0000000628c00000, 0x0000000629000000|  0%| F|  |TAMS 0x0000000628c00000, 0x0000000628c00000| Untracked 
| 122|0x0000000629000000, 0x0000000629000000, 0x0000000629400000|  0%| F|  |TAMS 0x0000000629000000, 0x0000000629000000| Untracked 
| 123|0x0000000629400000, 0x0000000629400000, 0x0000000629800000|  0%| F|  |TAMS 0x0000000629400000, 0x0000000629400000| Untracked 
| 124|0x0000000629800000, 0x0000000629800000, 0x0000000629c00000|  0%| F|  |TAMS 0x0000000629800000, 0x0000000629800000| Untracked 
| 125|0x0000000629c00000, 0x0000000629ff65c8, 0x000000062a000000| 99%| E|  |TAMS 0x0000000629c00000, 0x0000000629c00000| Complete 

Card table byte_map: [0x0000023d73d30000,0x0000023d74ce0000] _byte_map_base: 0x0000023d70cdc000

Marking Bits (Prev, Next): (CMBitMap*) 0x0000023d696eb9f0, (CMBitMap*) 0x0000023d696eba30
 Prev Bits: [0x0000023d75c90000, 0x0000023d7d9f0000)
 Next Bits: [0x0000023d0f000000, 0x0000023d16d60000)

Polling page: 0x0000023d675f0000

Metaspace:

Usage:
  Non-class:      6.88 MB used.
      Class:    729.43 KB used.
       Both:      7.60 MB used.

Virtual space:
  Non-class space:       64.00 MB reserved,       6.94 MB ( 11%) committed,  1 nodes.
      Class space:        1.00 GB reserved,     768.00 KB ( <1%) committed,  1 nodes.
             Both:        1.06 GB reserved,       7.69 MB ( <1%) committed. 

Chunk freelists:
   Non-Class:  6.48 MB
       Class:  15.14 MB
        Both:  21.62 MB

MaxMetaspaceSize: unlimited
CompressedClassSpaceSize: 1.00 GB
Initial GC threshold: 21.00 MB
Current GC threshold: 21.00 MB
CDS: on
MetaspaceReclaimPolicy: balanced
 - commit_granule_bytes: 65536.
 - commit_granule_words: 8192.
 - virtual_space_node_default_size: 8388608.
 - enlarge_chunks_in_place: 1.
 - new_chunks_are_fully_committed: 0.
 - uncommit_free_chunks: 1.
 - use_allocation_guard: 0.
 - handle_deallocations: 1.


Internal statistics:

num_allocs_failed_limit: 0.
num_arena_births: 34.
num_arena_deaths: 0.
num_vsnodes_births: 2.
num_vsnodes_deaths: 0.
num_space_committed: 123.
num_space_uncommitted: 0.
num_chunks_returned_to_freelist: 0.
num_chunks_taken_from_freelist: 286.
num_chunk_merges: 0.
num_chunk_splits: 218.
num_chunks_enlarged: 191.
num_inconsistent_stats: 0.

CodeHeap 'non-profiled nmethods': size=119168Kb used=223Kb max_used=223Kb free=118944Kb
 bounds [0x0000023d07ba0000, 0x0000023d07e10000, 0x0000023d0f000000]
CodeHeap 'profiled nmethods': size=119104Kb used=1416Kb max_used=1416Kb free=117687Kb
 bounds [0x0000023d00000000, 0x0000023d00270000, 0x0000023d07450000]
CodeHeap 'non-nmethods': size=7488Kb used=2846Kb max_used=2860Kb free=4641Kb
 bounds [0x0000023d07450000, 0x0000023d07720000, 0x0000023d07ba0000]
 total_blobs=1262 nmethods=815 adapters=357
 compilation: enabled
              stopped_count=0, restarted_count=0
 full_count=0

Compilation events (20 events):
Event: 0.714 Thread 0x0000023d17890950  807       3       jdk.internal.org.objectweb.asm.MethodWriter::endCurrentBasicBlockWithNoSuccessor (94 bytes)
Event: 0.714 Thread 0x0000023d5d24a680  808       3       jdk.internal.org.objectweb.asm.Frame::pop (53 bytes)
Event: 0.714 Thread 0x0000023d7dbe38e0 nmethod 805 0x0000023d0015bd10 code [0x0000023d0015bf40, 0x0000023d0015c6b8]
Event: 0.714 Thread 0x0000023d17890950 nmethod 807 0x0000023d0015ca10 code [0x0000023d0015cc00, 0x0000023d0015d2a8]
Event: 0.714 Thread 0x0000023d17890950  809       3       jdk.internal.org.objectweb.asm.Frame::getLocal (46 bytes)
Event: 0.714 Thread 0x0000023d7dbe38e0  810       3       jdk.internal.org.objectweb.asm.Frame::getInputStackSize (6 bytes)
Event: 0.715 Thread 0x0000023d17890950 nmethod 809 0x0000023d0015d490 code [0x0000023d0015d640, 0x0000023d0015d878]
Event: 0.715 Thread 0x0000023d17890950  811       3       jdk.internal.org.objectweb.asm.Attribute::computeAttributesSize (62 bytes)
Event: 0.715 Thread 0x0000023d7dbe38e0 nmethod 810 0x0000023d0015d990 code [0x0000023d0015db20, 0x0000023d0015dc38]
Event: 0.715 Thread 0x0000023d7dbe38e0  812       3       jdk.internal.org.objectweb.asm.AnnotationWriter::computeAnnotationsSize (66 bytes)
Event: 0.715 Thread 0x0000023d5d24a680 nmethod 808 0x0000023d0015dd10 code [0x0000023d0015df60, 0x0000023d0015e6d8]
Event: 0.715 Thread 0x0000023d5d24a680  813       3       jdk.internal.org.objectweb.asm.Attribute::putAttributes (78 bytes)
Event: 0.715 Thread 0x0000023d17890950 nmethod 811 0x0000023d00160890 code [0x0000023d00160a60, 0x0000023d00160d88]
Event: 0.715 Thread 0x0000023d7dbe38e0 nmethod 812 0x0000023d00160f10 code [0x0000023d001610e0, 0x0000023d00161418]
Event: 0.715 Thread 0x0000023d5d194970 nmethod 806 0x0000023d0015ea10 code [0x0000023d0015ed40, 0x0000023d00160138]
Event: 0.715 Thread 0x0000023d5d24a680 nmethod 813 0x0000023d00161610 code [0x0000023d00161860, 0x0000023d00161d98]
Event: 0.717 Thread 0x0000023d7dbe1f10  814       4       java.lang.String::startsWith (138 bytes)
Event: 0.723 Thread 0x0000023d7dbe1f10 nmethod 814 0x0000023d07bd7510 code [0x0000023d07bd76a0, 0x0000023d07bd7998]
Event: 0.732 Thread 0x0000023d7dbe1f10  815       4       java.lang.String::isEmpty (14 bytes)
Event: 0.732 Thread 0x0000023d7dbe1f10 nmethod 815 0x0000023d07bd7b90 code [0x0000023d07bd7d00, 0x0000023d07bd7d98]

GC Heap History (2 events):
Event: 0.656 GC heap before
{Heap before GC invocations=0 (full 0):
 garbage-first heap   total 516096K, used 24576K [0x000000060a800000, 0x0000000800000000)
  region size 4096K, 6 young (24576K), 0 survivors (0K)
 Metaspace       used 6780K, committed 6912K, reserved 1114112K
  class space    used 618K, committed 704K, reserved 1048576K
}
Event: 0.664 GC heap after
{Heap after GC invocations=1 (full 0):
 garbage-first heap   total 516096K, used 7059K [0x000000060a800000, 0x0000000800000000)
  region size 4096K, 1 young (4096K), 1 survivors (4096K)
 Metaspace       used 6780K, committed 6912K, reserved 1114112K
  class space    used 618K, committed 704K, reserved 1048576K
}

Dll operation events (6 events):
Event: 0.011 Loaded shared library C:\Program Files\OpenLogic\jdk-17.0.12.7-hotspot\bin\java.dll
Event: 0.033 Loaded shared library C:\Program Files\OpenLogic\jdk-17.0.12.7-hotspot\bin\jsvml.dll
Event: 0.077 Loaded shared library C:\Program Files\OpenLogic\jdk-17.0.12.7-hotspot\bin\net.dll
Event: 0.079 Loaded shared library C:\Program Files\OpenLogic\jdk-17.0.12.7-hotspot\bin\nio.dll
Event: 0.098 Loaded shared library C:\Program Files\OpenLogic\jdk-17.0.12.7-hotspot\bin\zip.dll
Event: 0.117 Loaded shared library C:\Program Files\OpenLogic\jdk-17.0.12.7-hotspot\bin\jimage.dll

Deoptimization events (20 events):
Event: 0.549 Thread 0x0000023d69640880 Uncommon trap: trap_request=0xffffff3d fr.pc=0x0000023d07bcacd8 relative=0x0000000000000058
Event: 0.549 Thread 0x0000023d69640880 Uncommon trap: reason=unstable_fused_if action=reinterpret pc=0x0000023d07bcacd8 method=java.lang.Integer.valueOf(I)Ljava/lang/Integer; @ 3 c2
Event: 0.549 Thread 0x0000023d69640880 DEOPT PACKING pc=0x0000023d07bcacd8 sp=0x00000081cb7fe4a0
Event: 0.549 Thread 0x0000023d69640880 DEOPT UNPACKING pc=0x0000023d074a69a3 sp=0x00000081cb7fe438 mode 2
Event: 0.564 Thread 0x0000023d69640880 Uncommon trap: trap_request=0xffffff45 fr.pc=0x0000023d07bc9534 relative=0x00000000000004f4
Event: 0.564 Thread 0x0000023d69640880 Uncommon trap: reason=unstable_if action=reinterpret pc=0x0000023d07bc9534 method=java.lang.AbstractStringBuilder.putStringAt(ILjava/lang/String;II)V @ 8 c2
Event: 0.564 Thread 0x0000023d69640880 DEOPT PACKING pc=0x0000023d07bc9534 sp=0x00000081cb7fdbc0
Event: 0.564 Thread 0x0000023d69640880 DEOPT UNPACKING pc=0x0000023d074a69a3 sp=0x00000081cb7fda48 mode 2
Event: 0.564 Thread 0x0000023d69640880 Uncommon trap: trap_request=0xffffff45 fr.pc=0x0000023d07bcbd2c relative=0x00000000000004ec
Event: 0.564 Thread 0x0000023d69640880 Uncommon trap: reason=unstable_if action=reinterpret pc=0x0000023d07bcbd2c method=java.lang.AbstractStringBuilder.putStringAt(ILjava/lang/String;II)V @ 8 c2
Event: 0.564 Thread 0x0000023d69640880 DEOPT PACKING pc=0x0000023d07bcbd2c sp=0x00000081cb7fdb60
Event: 0.564 Thread 0x0000023d69640880 DEOPT UNPACKING pc=0x0000023d074a69a3 sp=0x00000081cb7fda50 mode 2
Event: 0.564 Thread 0x0000023d69640880 Uncommon trap: trap_request=0xffffff45 fr.pc=0x0000023d07bba25c relative=0x000000000000005c
Event: 0.564 Thread 0x0000023d69640880 Uncommon trap: reason=unstable_if action=reinterpret pc=0x0000023d07bba25c method=java.lang.AbstractStringBuilder.isLatin1()Z @ 10 c2
Event: 0.564 Thread 0x0000023d69640880 DEOPT PACKING pc=0x0000023d07bba25c sp=0x00000081cb7fd9f0
Event: 0.564 Thread 0x0000023d69640880 DEOPT UNPACKING pc=0x0000023d074a69a3 sp=0x00000081cb7fd980 mode 2
Event: 0.603 Thread 0x0000023d69640880 DEOPT PACKING pc=0x0000023d000546e5 sp=0x00000081cb7f7c10
Event: 0.603 Thread 0x0000023d69640880 DEOPT UNPACKING pc=0x0000023d074a7143 sp=0x00000081cb7f7060 mode 0
Event: 0.610 Thread 0x0000023d69640880 DEOPT PACKING pc=0x0000023d00038e56 sp=0x00000081cb7fc680
Event: 0.610 Thread 0x0000023d69640880 DEOPT UNPACKING pc=0x0000023d074a7143 sp=0x00000081cb7fbb08 mode 0

Classes loaded (20 events):
Event: 0.699 Loading class java/util/concurrent/atomic/AtomicLongFieldUpdater$CASUpdater$1
Event: 0.699 Loading class java/util/concurrent/atomic/AtomicLongFieldUpdater$CASUpdater$1 done
Event: 0.700 Loading class java/util/concurrent/atomic/AtomicBoolean
Event: 0.700 Loading class java/util/concurrent/atomic/AtomicBoolean done
Event: 0.707 Loading class java/lang/SecurityException
Event: 0.707 Loading class java/lang/SecurityException done
Event: 0.707 Loading class sun/misc/Unsafe
Event: 0.708 Loading class sun/misc/Unsafe done
Event: 0.710 Loading class jdk/internal/reflect/UnsafeFieldAccessorFactory
Event: 0.711 Loading class jdk/internal/reflect/UnsafeFieldAccessorFactory done
Event: 0.711 Loading class jdk/internal/reflect/UnsafeQualifiedStaticObjectFieldAccessorImpl
Event: 0.711 Loading class jdk/internal/reflect/UnsafeQualifiedStaticFieldAccessorImpl
Event: 0.711 Loading class jdk/internal/reflect/UnsafeQualifiedStaticFieldAccessorImpl done
Event: 0.711 Loading class jdk/internal/reflect/UnsafeQualifiedStaticObjectFieldAccessorImpl done
Event: 0.722 Loading class java/util/Collections$UnmodifiableMap$UnmodifiableEntrySet
Event: 0.722 Loading class java/util/Collections$UnmodifiableMap$UnmodifiableEntrySet done
Event: 0.722 Loading class java/util/Collections$UnmodifiableMap$UnmodifiableEntrySet$1
Event: 0.722 Loading class java/util/Collections$UnmodifiableMap$UnmodifiableEntrySet$1 done
Event: 0.722 Loading class java/util/Collections$UnmodifiableMap$UnmodifiableEntrySet$UnmodifiableEntry
Event: 0.722 Loading class java/util/Collections$UnmodifiableMap$UnmodifiableEntrySet$UnmodifiableEntry done

Classes unloaded (0 events):
No events

Classes redefined (0 events):
No events

Internal exceptions (12 events):
Event: 0.461 Thread 0x0000023d69640880 Exception <a 'java/lang/NoSuchMethodError'{0x0000000629356478}: 'java.lang.Object java.lang.invoke.DirectMethodHandle$Holder.invokeStaticInit(java.lang.Object)'> (0x0000000629356478) 
thrown [s\src\hotspot\share\interpreter\linkResolver.cpp, line 759]
Event: 0.477 Thread 0x0000023d69640880 Exception <a 'java/lang/NoSuchMethodError'{0x0000000628cb4a70}: 'void java.lang.invoke.DirectMethodHandle$Holder.invokeStatic(java.lang.Object, java.lang.Object, java.lang.Object, java.lang.Object)'> (0x0000000628cb4a70) 
thrown [s\src\hotspot\share\interpreter\linkResolver.cpp, line 759]
Event: 0.479 Thread 0x0000023d69640880 Exception <a 'java/lang/NoSuchMethodError'{0x0000000628cbe638}: 'void java.lang.invoke.DirectMethodHandle$Holder.invokeStatic(java.lang.Object, java.lang.Object, java.lang.Object)'> (0x0000000628cbe638) 
thrown [s\src\hotspot\share\interpreter\linkResolver.cpp, line 759]
Event: 0.481 Thread 0x0000023d69640880 Exception <a 'java/lang/NoSuchMethodError'{0x0000000628cc2088}: 'void java.lang.invoke.DirectMethodHandle$Holder.invokeStaticInit(java.lang.Object, java.lang.Object, java.lang.Object)'> (0x0000000628cc2088) 
thrown [s\src\hotspot\share\interpreter\linkResolver.cpp, line 759]
Event: 0.538 Thread 0x0000023d69640880 Exception <a 'java/lang/NoSuchMethodError'{0x0000000628f31b60}: 'java.lang.Object java.lang.invoke.DirectMethodHandle$Holder.newInvokeSpecial(java.lang.Object, java.lang.Object, java.lang.Object, java.lang.Object, java.lang.Object)'> (0x0000000628f31b60) 
thrown [s\src\hotspot\share\interpreter\linkResolver.cpp, line 759]
Event: 0.617 Thread 0x0000023d69640880 Exception <a 'sun/nio/fs/WindowsException'{0x0000000628a840e0}> (0x0000000628a840e0) 
thrown [s\src\hotspot\share\prims\jni.cpp, line 516]
Event: 0.641 Thread 0x0000023d69640880 Exception <a 'java/lang/NoSuchMethodError'{0x0000000628b6ce10}: 'void java.lang.invoke.DirectMethodHandle$Holder.invokeStatic(java.lang.Object, java.lang.Object)'> (0x0000000628b6ce10) 
thrown [s\src\hotspot\share\interpreter\linkResolver.cpp, line 759]
Event: 0.646 Thread 0x0000023d69640880 Exception <a 'java/lang/NoSuchMethodError'{0x0000000628b93bd8}: 'java.lang.Object java.lang.invoke.DirectMethodHandle$Holder.invokeStaticInit(java.lang.Object, int)'> (0x0000000628b93bd8) 
thrown [s\src\hotspot\share\interpreter\linkResolver.cpp, line 759]
Event: 0.669 Thread 0x0000023d69640880 Exception <a 'java/lang/NoSuchMethodError'{0x0000000629c2c988}: 'java.lang.Object java.lang.invoke.DirectMethodHandle$Holder.invokeStaticInit(java.lang.Object, java.lang.Object, java.lang.Object)'> (0x0000000629c2c988) 
thrown [s\src\hotspot\share\interpreter\linkResolver.cpp, line 759]
Event: 0.690 Thread 0x0000023d69640880 Exception <a 'java/lang/NoSuchMethodError'{0x0000000629d47050}: 'long java.lang.invoke.DirectMethodHandle$Holder.invokeStatic(java.lang.Object)'> (0x0000000629d47050) 
thrown [s\src\hotspot\share\interpreter\linkResolver.cpp, line 759]
Event: 0.691 Thread 0x0000023d69640880 Exception <a 'java/lang/NoSuchMethodError'{0x0000000629d4a7a8}: 'long java.lang.invoke.DirectMethodHandle$Holder.invokeStaticInit(java.lang.Object)'> (0x0000000629d4a7a8) 
thrown [s\src\hotspot\share\interpreter\linkResolver.cpp, line 759]
Event: 0.709 Thread 0x0000023d69640880 Exception <a 'java/lang/NoSuchMethodError'{0x0000000629df6788}: 'int java.lang.invoke.DirectMethodHandle$Holder.invokeStaticInit(java.lang.Object, java.lang.Object, java.lang.Object, java.lang.Object)'> (0x0000000629df6788) 
thrown [s\src\hotspot\share\interpreter\linkResolver.cpp, line 759]

VM Operations (10 events):
Event: 0.098 Executing VM operation: HandshakeAllThreads
Event: 0.098 Executing VM operation: HandshakeAllThreads done
Event: 0.309 Executing VM operation: HandshakeAllThreads
Event: 0.309 Executing VM operation: HandshakeAllThreads done
Event: 0.348 Executing VM operation: HandshakeAllThreads
Event: 0.348 Executing VM operation: HandshakeAllThreads done
Event: 0.459 Executing VM operation: HandshakeAllThreads
Event: 0.459 Executing VM operation: HandshakeAllThreads done
Event: 0.655 Executing VM operation: G1CollectForAllocation
Event: 0.664 Executing VM operation: G1CollectForAllocation done

Events (17 events):
Event: 0.033 Thread 0x0000023d69640880 Thread added: 0x0000023d69640880
Event: 0.036 Thread 0x0000023d7dbba4f0 Thread added: 0x0000023d7dbba4f0
Event: 0.036 Thread 0x0000023d7dbbb370 Thread added: 0x0000023d7dbbb370
Event: 0.047 Thread 0x0000023d7dbd0c00 Thread added: 0x0000023d7dbd0c00
Event: 0.047 Thread 0x0000023d7dbd17c0 Thread added: 0x0000023d7dbd17c0
Event: 0.047 Thread 0x0000023d7dbd4290 Thread added: 0x0000023d7dbd4290
Event: 0.047 Thread 0x0000023d7dbd4c50 Thread added: 0x0000023d7dbd4c50
Event: 0.047 Thread 0x0000023d7dbe1f10 Thread added: 0x0000023d7dbe1f10
Event: 0.047 Thread 0x0000023d7dbe38e0 Thread added: 0x0000023d7dbe38e0
Event: 0.047 Thread 0x0000023d7dbee9d0 Thread added: 0x0000023d7dbee9d0
Event: 0.067 Thread 0x0000023d17890950 Thread added: 0x0000023d17890950
Event: 0.072 Thread 0x0000023d17a29870 Thread added: 0x0000023d17a29870
Event: 0.074 Thread 0x0000023d17a2a970 Thread added: 0x0000023d17a2a970
Event: 0.090 Thread 0x0000023d17a3dce0 Thread added: 0x0000023d17a3dce0
Event: 0.335 Thread 0x0000023d5d194970 Thread added: 0x0000023d5d194970
Event: 0.450 Thread 0x0000023d5d24a680 Thread added: 0x0000023d5d24a680
Event: 0.564 Thread 0x0000023d17a3dce0 Thread exited: 0x0000023d17a3dce0


Dynamic libraries:
0x00007ff7114f0000 - 0x00007ff7114fe000 	C:\Program Files\OpenLogic\jdk-17.0.12.7-hotspot\bin\java.exe
0x00007fff6b870000 - 0x00007fff6ba88000 	C:\WINDOWS\SYSTEM32\ntdll.dll
0x00007fff6a150000 - 0x00007fff6a214000 	C:\WINDOWS\System32\KERNEL32.DLL
0x00007fff69100000 - 0x00007fff694d3000 	C:\WINDOWS\System32\KERNELBASE.dll
0x00007fff68b70000 - 0x00007fff68c81000 	C:\WINDOWS\System32\ucrtbase.dll
0x00007fff1b770000 - 0x00007fff1b787000 	C:\Program Files\OpenLogic\jdk-17.0.12.7-hotspot\bin\jli.dll
0x00007fff6b650000 - 0x00007fff6b802000 	C:\WINDOWS\System32\USER32.dll
0x00007fff68ef0000 - 0x00007fff68f16000 	C:\WINDOWS\System32\win32u.dll
0x00007fff17ae0000 - 0x00007fff17afb000 	C:\Program Files\OpenLogic\jdk-17.0.12.7-hotspot\bin\VCRUNTIME140.dll
0x00007fff69c00000 - 0x00007fff69c29000 	C:\WINDOWS\System32\GDI32.dll
0x00007fff68c90000 - 0x00007fff68dab000 	C:\WINDOWS\System32\gdi32full.dll
0x00007fff68f20000 - 0x00007fff68fba000 	C:\WINDOWS\System32\msvcp_win.dll
0x00007fff511a0000 - 0x00007fff5143c000 	C:\WINDOWS\WinSxS\amd64_microsoft.windows.common-controls_6595b64144ccf1df_6.0.22621.6060_none_2712eda17382d24b\COMCTL32.dll
0x00007fff6b5a0000 - 0x00007fff6b647000 	C:\WINDOWS\System32\msvcrt.dll
0x00007fff6af80000 - 0x00007fff6afb1000 	C:\WINDOWS\System32\IMM32.DLL
0x00007fff2acf0000 - 0x00007fff2acfc000 	C:\Program Files\OpenLogic\jdk-17.0.12.7-hotspot\bin\vcruntime140_1.dll
0x00007fff17410000 - 0x00007fff1749d000 	C:\Program Files\OpenLogic\jdk-17.0.12.7-hotspot\bin\msvcp140.dll
0x00007ffe4bed0000 - 0x00007ffe4cb3a000 	C:\Program Files\OpenLogic\jdk-17.0.12.7-hotspot\bin\server\jvm.dll
0x00007fff69f20000 - 0x00007fff69fd1000 	C:\WINDOWS\System32\ADVAPI32.dll
0x00007fff6a240000 - 0x00007fff6a2e8000 	C:\WINDOWS\System32\sechost.dll
0x00007fff694e0000 - 0x00007fff69508000 	C:\WINDOWS\System32\bcrypt.dll
0x00007fff6a340000 - 0x00007fff6a458000 	C:\WINDOWS\System32\RPCRT4.dll
0x00007fff69510000 - 0x00007fff69581000 	C:\WINDOWS\System32\WS2_32.dll
0x00007fff68850000 - 0x00007fff6889d000 	C:\WINDOWS\SYSTEM32\POWRPROF.dll
0x00007fff63230000 - 0x00007fff63264000 	C:\WINDOWS\SYSTEM32\WINMM.dll
0x00007fff625a0000 - 0x00007fff625aa000 	C:\WINDOWS\SYSTEM32\VERSION.dll
0x00007fff68830000 - 0x00007fff68843000 	C:\WINDOWS\SYSTEM32\UMPDC.dll
0x00007fff67920000 - 0x00007fff67938000 	C:\WINDOWS\SYSTEM32\kernel.appcore.dll
0x00007fff27520000 - 0x00007fff2752a000 	C:\Program Files\OpenLogic\jdk-17.0.12.7-hotspot\bin\jimage.dll
0x00007fff5f150000 - 0x00007fff5f383000 	C:\WINDOWS\SYSTEM32\DBGHELP.DLL
0x00007fff6b200000 - 0x00007fff6b591000 	C:\WINDOWS\System32\combase.dll
0x00007fff69fe0000 - 0x00007fff6a0b8000 	C:\WINDOWS\System32\OLEAUT32.dll
0x00007fff45f40000 - 0x00007fff45f72000 	C:\WINDOWS\SYSTEM32\dbgcore.DLL
0x00007fff68af0000 - 0x00007fff68b6b000 	C:\WINDOWS\System32\bcryptPrimitives.dll
0x00007fff173e0000 - 0x00007fff17405000 	C:\Program Files\OpenLogic\jdk-17.0.12.7-hotspot\bin\java.dll
0x00007fff08ca0000 - 0x00007fff08d76000 	C:\Program Files\OpenLogic\jdk-17.0.12.7-hotspot\bin\jsvml.dll
0x00007fff6a6e0000 - 0x00007fff6af7c000 	C:\WINDOWS\System32\SHELL32.dll
0x00007fff68fc0000 - 0x00007fff690ff000 	C:\WINDOWS\System32\wintypes.dll
0x00007fff66830000 - 0x00007fff6714a000 	C:\WINDOWS\SYSTEM32\windows.storage.dll
0x00007fff6a460000 - 0x00007fff6a564000 	C:\WINDOWS\System32\SHCORE.dll
0x00007fff6b180000 - 0x00007fff6b1e9000 	C:\WINDOWS\System32\shlwapi.dll
0x00007fff688b0000 - 0x00007fff688d5000 	C:\WINDOWS\SYSTEM32\profapi.dll
0x00007fff173c0000 - 0x00007fff173d9000 	C:\Program Files\OpenLogic\jdk-17.0.12.7-hotspot\bin\net.dll
0x00007fff64520000 - 0x00007fff6464c000 	C:\WINDOWS\SYSTEM32\WINHTTP.dll
0x00007fff67df0000 - 0x00007fff67e59000 	C:\WINDOWS\system32\mswsock.dll
0x00007fff173a0000 - 0x00007fff173b6000 	C:\Program Files\OpenLogic\jdk-17.0.12.7-hotspot\bin\nio.dll
0x00007fff140f0000 - 0x00007fff14108000 	C:\Program Files\OpenLogic\jdk-17.0.12.7-hotspot\bin\zip.dll

dbghelp: loaded successfully - version: 4.0.5 - missing functions: none
symbol engine: initialized successfully - sym options: 0x614 - pdb path: .;C:\Program Files\OpenLogic\jdk-17.0.12.7-hotspot\bin;C:\WINDOWS\SYSTEM32;C:\WINDOWS\WinSxS\amd64_microsoft.windows.common-controls_6595b64144ccf1df_6.0.22621.6060_none_2712eda17382d24b;C:\Program Files\OpenLogic\jdk-17.0.12.7-hotspot\bin\server

VM Arguments:
java_command: org.jetbrains.kotlin.cli.jvm.K2JVMCompiler @C:\react-native\my-browser\android\app\build\20260518_5977950065410336137.compiler.options
java_class_path (initial): C:\Users\pr23j\.gradle\caches\modules-2\files-2.1\org.jetbrains.kotlin\kotlin-compiler-embeddable\2.1.20\4ef56b3316798316bfac7a0ae443391c9e900ea1\kotlin-compiler-embeddable-2.1.20.jar;C:\Users\pr23j\.gradle\caches\modules-2\files-2.1\org.jetbrains.kotlin\kotlin-stdlib\2.1.20\aa8ca79cd50578314f6d1180c47cbe14c0fee567\kotlin-stdlib-2.1.20.jar;C:\Users\pr23j\.gradle\caches\modules-2\files-2.1\org.jetbrains.kotlin\kotlin-script-runtime\2.1.20\f7c623d7f7bdb01f5ccd6b437bc0a937fcd7c57e\kotlin-script-runtime-2.1.20.jar;C:\Users\pr23j\.gradle\caches\modules-2\files-2.1\org.jetbrains.kotlin\kotlin-reflect\1.6.10\1cbe9c92c12a94eea200d23c2bbaedaf3daf5132\kotlin-reflect-1.6.10.jar;C:\Users\pr23j\.gradle\caches\modules-2\files-2.1\org.jetbrains.kotlin\kotlin-daemon-embeddable\2.1.20\95670fce77befd02a70a0bc3abe8ee4533521334\kotlin-daemon-embeddable-2.1.20.jar;C:\Users\pr23j\.gradle\caches\modules-2\files-2.1\org.jetbrains.intellij.deps\trove4j\1.0.20200330\3afb14d5f9ceb459d724e907a21145e8ff394f02\trove4j-1.0.20200330.jar;C:\Users\pr23j\.gradle\caches\modules-2\files-2.1\org.jetbrains.kotlinx\kotlinx-coroutines-core-jvm\1.8.0\ac1dc37a30a93150b704022f8d895ee1bd3a36b3\kotlinx-coroutines-core-jvm-1.8.0.jar;C:\Users\pr23j\.gradle\caches\modules-2\files-2.1\org.jetbrains\annotations\13.0\919f0dfe192fb4e063e7dacadee7f8bb9a2672a9\annotations-13.0.jar
Launcher Type: SUN_STANDARD

[Global flags]
     intx CICompilerCount                          = 12                                        {product} {ergonomic}
     uint ConcGCThreads                            = 3                                         {product} {ergonomic}
     uint G1ConcRefinementThreads                  = 13                                        {product} {ergonomic}
   size_t G1HeapRegionSize                         = 4194304                                   {product} {ergonomic}
    uintx GCDrainStackTargetSize                   = 64                                        {product} {ergonomic}
   size_t InitialHeapSize                          = 528482304                                 {product} {ergonomic}
   size_t MarkStackSize                            = 4194304                                   {product} {ergonomic}
   size_t MaxHeapSize                              = 8413773824                                {product} {ergonomic}
   size_t MaxNewSize                               = 5045747712                                {product} {ergonomic}
   size_t MinHeapDeltaBytes                        = 4194304                                   {product} {ergonomic}
   size_t MinHeapSize                              = 8388608                                   {product} {ergonomic}
    uintx NonNMethodCodeHeapSize                   = 7602480                                {pd product} {ergonomic}
    uintx NonProfiledCodeHeapSize                  = 122027880                              {pd product} {ergonomic}
    uintx ProfiledCodeHeapSize                     = 122027880                              {pd product} {ergonomic}
    uintx ReservedCodeCacheSize                    = 251658240                              {pd product} {ergonomic}
     bool SegmentedCodeCache                       = true                                      {product} {ergonomic}
   size_t SoftMaxHeapSize                          = 8413773824                             {manageable} {ergonomic}
     bool UseCompressedClassPointers               = true                           {product lp64_product} {ergonomic}
     bool UseCompressedOops                        = true                           {product lp64_product} {ergonomic}
     bool UseG1GC                                  = true                                      {product} {ergonomic}
     bool UseLargePagesIndividualAllocation        = false                                  {pd product} {ergonomic}

Logging:
Log output configuration:
 #0: stdout all=warning uptime,level,tags
 #1: stderr all=off uptime,level,tags

Environment Variables:
JAVA_HOME=C:\Program Files\OpenLogic\jdk-17.0.12.7-hotspot
CLASSPATH=C:\react-native\my-browser\android\\gradle\wrapper\gradle-wrapper.jar
PATH=C:\Users\pr23j\AppData\Local\Programs\Windsurf;C:\Program Files\Common Files\Oracle\Java\javapath;C:\Program Files\OpenLogic\jdk-8.0.422.05-hotspot\bin;C:\Program Files\OpenLogic\jdk-17.0.12.7-hotspot\bin;C:\Program Files (x86)\Common Files\Oracle\Java\java8path;C:\Program Files (x86)\Common Files\Oracle\Java\javapath;c:\Users\pr23j\AppData\Local\Programs\cursor\resources\app\bin;C:\Program Files\OpenSSH\;C:\windows\system32;C:\windows;C:\windows\System32\Wbem;C:\windows\System32\WindowsPowerShell\v1.0\;C:\windows\System32\OpenSSH\;C:\Program Files (x86)\NVIDIA Corporation\PhysX\Common;C:\Program Files\Git\cmd;C:\Users\pr23j\AppData\Roaming\nvm;C:\Program Files\nodejs;C:\WINDOWS\system32;C:\WINDOWS;C:\WINDOWS\System32\Wbem;C:\WINDOWS\System32\WindowsPowerShell\v1.0\;C:\WINDOWS\System32\OpenSSH\;C:\MinGW\bin;C:\ProgramData\chocolatey\bin;C:\Program Files\dotnet\;C:\Program Files\GitHub CLI\;C:\Users\pr23j\go\bin;C:\Program Files\Go\bin;C:\Users\pr2;C:\WINDOWS\system32;C:\WINDOWS;C:\WINDOWS\System32\Wbem;C:\WINDOWS\System32\WindowsPowerShell\v1.0\;C:\WINDOWS\System32\OpenSSH\;C:\Program Files\NVIDIA Corporation\NVIDIA App\NvDLISR;C:\adb\platform-tools;C:\Program Files\LLVM\bin;C:\Program Files (x86)\LLVM\bin;C:\Program Files\PuTTY\;C:\Program Files\Docker\Docker\resources\bin;C:\Users\pr23j\.platformio\.cache;C:\Program Files\Common Files\Oracle\Java\javapath;C:\Program Files\OpenLogic\jdk-8.0.422.05-hotspot\bin;C:\Program Files\OpenLogic\jdk-17.0.12.7-hotspot\bin;C:\Program Files (x86)\Common Files\Oracle\Java\java8path;C:\Program Files (x86)\Common Files\Oracle\Java\javapath;c:\Users\pr23j\AppData\Local\Programs\cursor\resources\app\bin;C:\Program Files\OpenSSH\;C:\windows\system32;C:\windows;C:\windows\System32\Wbem;C:\windows\System32\WindowsPowerShell\v1.0\;C:\windows\System32\OpenSSH\;C:\Program Files (x86)\NVIDIA Corporation\PhysX\Common;C:\Program Files\Git\cmd;C:\Users\pr23j\AppData\Roaming\nvm;C:\Program Files\nodejs;C:\WINDOWS\system32;C:\WINDOWS;C:\WINDO
USERNAME=pr23j
LANG=en_US.UTF-8
OS=Windows_NT
PROCESSOR_IDENTIFIER=AMD64 Family 25 Model 80 Stepping 0, AuthenticAMD
TMP=C:\Users\pr23j\AppData\Local\Temp
TEMP=C:\Users\pr23j\AppData\Local\Temp



Periodic native trim disabled


---------------  S Y S T E M  ---------------

OS:
 Windows 11 , 64 bit Build 22621 (10.0.22621.5415)
OS uptime: 0 days 1:33 hours
Hyper-V role detected

CPU: total 16 (initial active 16) (16 cores per cpu, 2 threads per core) family 25 model 80 stepping 0 microcode 0x0, cx8, cmov, fxsr, ht, mmx, 3dnowpref, sse, sse2, sse3, ssse3, sse4a, sse4.1, sse4.2, popcnt, lzcnt, tsc, tscinvbit, avx, avx2, aes, erms, clmul, bmi1, bmi2, adx, sha, fma, vzeroupper, clflush, clflushopt, hv
Processor Information for all 16 processors :
  Max Mhz: 3201, Current Mhz: 3201, Mhz Limit: 3201

Memory: 4k page, system-wide physical 32094M (7642M free)
TotalPageFile size 42346M (AvailPageFile size 493M)
current process WorkingSet (physical memory assigned to process): 81M, peak: 81M
current process commit charge ("private bytes"): 626M, peak: 626M

vm_info: OpenJDK 64-Bit Server VM (17.0.12+7-adhoc..jdk17u) for windows-amd64 JRE (17.0.12+7-adhoc..jdk17u), built on Jul 19 2024 06:16:42 by "" with MS VC++ 16.10 / 16.11 (VS2019)

END.
